Archive member included to satisfy reference by file (symbol)

c:/st/stm32cubeide_1.12.1/stm32cubeide/plugins/com.st.stm32cube.ide.mcu.externaltools.gnu-tools-for-stm32.10.3-2021.10.win32_1.0.200.202301161003/tools/bin/../lib/gcc/arm-none-eabi/10.3.1/../../../../arm-none-eabi/lib/thumb/v7-m/nofp\libc_nano.a(lib_a-errno.o)
                              ./Src/syscalls.o (__errno)
c:/st/stm32cubeide_1.12.1/stm32cubeide/plugins/com.st.stm32cube.ide.mcu.externaltools.gnu-tools-for-stm32.10.3-2021.10.win32_1.0.200.202301161003/tools/bin/../lib/gcc/arm-none-eabi/10.3.1/../../../../arm-none-eabi/lib/thumb/v7-m/nofp\libc_nano.a(lib_a-exit.o)
                              c:/st/stm32cubeide_1.12.1/stm32cubeide/plugins/com.st.stm32cube.ide.mcu.externaltools.gnu-tools-for-stm32.10.3-2021.10.win32_1.0.200.202301161003/tools/bin/../lib/gcc/arm-none-eabi/10.3.1/../../../../arm-none-eabi/lib/thumb/v7-m/nofp/crt0.o (exit)
c:/st/stm32cubeide_1.12.1/stm32cubeide/plugins/com.st.stm32cube.ide.mcu.externaltools.gnu-tools-for-stm32.10.3-2021.10.win32_1.0.200.202301161003/tools/bin/../lib/gcc/arm-none-eabi/10.3.1/../../../../arm-none-eabi/lib/thumb/v7-m/nofp\libc_nano.a(lib_a-impure.o)
                              c:/st/stm32cubeide_1.12.1/stm32cubeide/plugins/com.st.stm32cube.ide.mcu.externaltools.gnu-tools-for-stm32.10.3-2021.10.win32_1.0.200.202301161003/tools/bin/../lib/gcc/arm-none-eabi/10.3.1/../../../../arm-none-eabi/lib/thumb/v7-m/nofp\libc_nano.a(lib_a-exit.o) (_global_impure_ptr)
c:/st/stm32cubeide_1.12.1/stm32cubeide/plugins/com.st.stm32cube.ide.mcu.externaltools.gnu-tools-for-stm32.10.3-2021.10.win32_1.0.200.202301161003/tools/bin/../lib/gcc/arm-none-eabi/10.3.1/../../../../arm-none-eabi/lib/thumb/v7-m/nofp\libc_nano.a(lib_a-init.o)
                              c:/st/stm32cubeide_1.12.1/stm32cubeide/plugins/com.st.stm32cube.ide.mcu.externaltools.gnu-tools-for-stm32.10.3-2021.10.win32_1.0.200.202301161003/tools/bin/../lib/gcc/arm-none-eabi/10.3.1/../../../../arm-none-eabi/lib/thumb/v7-m/nofp/crt0.o (__libc_init_array)
c:/st/stm32cubeide_1.12.1/stm32cubeide/plugins/com.st.stm32cube.ide.mcu.externaltools.gnu-tools-for-stm32.10.3-2021.10.win32_1.0.200.202301161003/tools/bin/../lib/gcc/arm-none-eabi/10.3.1/../../../../arm-none-eabi/lib/thumb/v7-m/nofp\libc_nano.a(lib_a-memset.o)
                              c:/st/stm32cubeide_1.12.1/stm32cubeide/plugins/com.st.stm32cube.ide.mcu.externaltools.gnu-tools-for-stm32.10.3-2021.10.win32_1.0.200.202301161003/tools/bin/../lib/gcc/arm-none-eabi/10.3.1/../../../../arm-none-eabi/lib/thumb/v7-m/nofp/crt0.o (memset)
c:/st/stm32cubeide_1.12.1/stm32cubeide/plugins/com.st.stm32cube.ide.mcu.externaltools.gnu-tools-for-stm32.10.3-2021.10.win32_1.0.200.202301161003/tools/bin/../lib/gcc/arm-none-eabi/10.3.1/thumb/v7-m/nofp\libgcc.a(_arm_addsubdf3.o)
                              ./Src/main.o (__aeabi_i2d)
c:/st/stm32cubeide_1.12.1/stm32cubeide/plugins/com.st.stm32cube.ide.mcu.externaltools.gnu-tools-for-stm32.10.3-2021.10.win32_1.0.200.202301161003/tools/bin/../lib/gcc/arm-none-eabi/10.3.1/thumb/v7-m/nofp\libgcc.a(_arm_muldivdf3.o)
                              ./Src/main.o (__aeabi_ddiv)
c:/st/stm32cubeide_1.12.1/stm32cubeide/plugins/com.st.stm32cube.ide.mcu.externaltools.gnu-tools-for-stm32.10.3-2021.10.win32_1.0.200.202301161003/tools/bin/../lib/gcc/arm-none-eabi/10.3.1/thumb/v7-m/nofp\libgcc.a(_arm_truncdfsf2.o)
                              ./Src/main.o (__aeabi_d2f)
c:/st/stm32cubeide_1.12.1/stm32cubeide/plugins/com.st.stm32cube.ide.mcu.externaltools.gnu-tools-for-stm32.10.3-2021.10.win32_1.0.200.202301161003/tools/bin/../lib/gcc/arm-none-eabi/10.3.1/thumb/v7-m/nofp\libgcc.a(_arm_cmpsf2.o)
                              ./Src/main.o (__aeabi_fcmplt)
c:/st/stm32cubeide_1.12.1/stm32cubeide/plugins/com.st.stm32cube.ide.mcu.externaltools.gnu-tools-for-stm32.10.3-2021.10.win32_1.0.200.202301161003/tools/bin/../lib/gcc/arm-none-eabi/10.3.1/thumb/v7-m/nofp\libgcc.a(_arm_fixunssfsi.o)
                              ./Src/main.o (__aeabi_f2uiz)

Discarded input sections

 .text          0x0000000000000000        0x0 c:/st/stm32cubeide_1.12.1/stm32cubeide/plugins/com.st.stm32cube.ide.mcu.externaltools.gnu-tools-for-stm32.10.3-2021.10.win32_1.0.200.202301161003/tools/bin/../lib/gcc/arm-none-eabi/10.3.1/thumb/v7-m/nofp/crti.o
 .data          0x0000000000000000        0x0 c:/st/stm32cubeide_1.12.1/stm32cubeide/plugins/com.st.stm32cube.ide.mcu.externaltools.gnu-tools-for-stm32.10.3-2021.10.win32_1.0.200.202301161003/tools/bin/../lib/gcc/arm-none-eabi/10.3.1/thumb/v7-m/nofp/crti.o
 .bss           0x0000000000000000        0x0 c:/st/stm32cubeide_1.12.1/stm32cubeide/plugins/com.st.stm32cube.ide.mcu.externaltools.gnu-tools-for-stm32.10.3-2021.10.win32_1.0.200.202301161003/tools/bin/../lib/gcc/arm-none-eabi/10.3.1/thumb/v7-m/nofp/crti.o
[...]
Memory Configuration

Name             Origin             Length             Attributes
RAM              0x0000000020000000 0x0000000000002800 xrw
FLASH            0x0000000008000000 0x0000000000008000 xr
*default*        0x0000000000000000 0xffffffffffffffff

Linker script and memory map

LOAD c:/st/stm32cubeide_1.12.1/stm32cubeide/plugins/com.st.stm32cube.ide.mcu.externaltools.gnu-tools-for-stm32.10.3-2021.10.win32_1.0.200.202301161003/tools/bin/../lib/gcc/arm-none-eabi/10.3.1/thumb/v7-m/nofp/crti.o
LOAD c:/st/stm32cubeide_1.12.1/stm32cubeide/plugins/com.st.stm32cube.ide.mcu.externaltools.gnu-tools-for-stm32.10.3-2021.10.win32_1.0.200.202301161003/tools/bin/../lib/gcc/arm-none-eabi/10.3.1/thumb/v7-m/nofp/crtbegin.o
LOAD c:/st/stm32cubeide_1.12.1/stm32cubeide/plugins/com.st.stm32cube.ide.mcu.externaltools.gnu-tools-for-stm32.10.3-2021.10.win32_1.0.200.202301161003/tools/bin/../lib/gcc/arm-none-eabi/10.3.1/../../../../arm-none-eabi/lib/thumb/v7-m/nofp/crt0.o
LOAD ./Drivers/00 LIB/Common_function.o
LOAD ./Drivers/01 MCAL/00 RCC/RCC_program.o
LOAD ./Drivers/01 MCAL/01 GPIO/DIO_program.o
LOAD ./Drivers/01 MCAL/02 NVIC/NVIC_program.o
LOAD ./Drivers/01 MCAL/03 EXTI/EXTI_program.o
LOAD ./Drivers/01 MCAL/04 ADC/ADC_program.o
LOAD ./Drivers/01 MCAL/05 STK/STK_program.o
LOAD ./Drivers/01 MCAL/06 USART/USART_program.o
LOAD ./Drivers/01 MCAL/07 I2C/I2C_program.o
LOAD ./Drivers/01 MCAL/08 SPI/SPI_program.o
LOAD ./Drivers/02 ECU/00 LED/LED_progrming.o
LOAD ./Drivers/02 ECU/01 Button/button_program.o
LOAD ./Drivers/02 ECU/02 LCD/LCD_program.o
LOAD ./Drivers/02 ECU/03 Buzzer/Buzzer_progrming.o
LOAD ./Drivers/02 ECU/04 BLUETOOTH/BLUETOOTH_program.o
LOAD ./Drivers/02 ECU/05 Segment7/Segment7_program.o
LOAD ./Drivers/03 APP/APP_programing.o
LOAD ./Src/main.o
LOAD ./Src/syscalls.o
LOAD ./Src/sysmem.o
LOAD ./Startup/startup_stm32f103c6tx.o
START GROUP
LOAD c:/st/stm32cubeide_1.12.1/stm32cubeide/plugins/com.st.stm32cube.ide.mcu.externaltools.gnu-tools-for-stm32.10.3-2021.10.win32_1.0.200.202301161003/tools/bin/../lib/gcc/arm-none-eabi/10.3.1/../../../../arm-none-eabi/lib/thumb/v7-m/nofp\libc_nano.a
LOAD c:/st/stm32cubeide_1.12.1/stm32cubeide/plugins/com.st.stm32cube.ide.mcu.externaltools.gnu-tools-for-stm32.10.3-2021.10.win32_1.0.200.202301161003/tools/bin/../lib/gcc/arm-none-eabi/10.3.1/../../../../arm-none-eabi/lib/thumb/v7-m/nofp\libm.a
END GROUP
START GROUP
LOAD c:/st/stm32cubeide_1.12.1/stm32cubeide/plugins/com.st.stm32cube.ide.mcu.externaltools.gnu-tools-for-stm32.10.3-2021.10.win32_1.0.200.202301161003/tools/bin/../lib/gcc/arm-none-eabi/10.3.1/thumb/v7-m/nofp\libgcc.a
LOAD c:/st/stm32cubeide_1.12.1/stm32cubeide/plugins/com.st.stm32cube.ide.mcu.externaltools.gnu-tools-for-stm32.10.3-2021.10.win32_1.0.200.202301161003/tools/bin/../lib/gcc/arm-none-eabi/10.3.1/../../../../arm-none-eabi/lib/thumb/v7-m/nofp\libc_nano.a
END GROUP
START GROUP
LOAD c:/st/stm32cubeide_1.12.1/stm32cubeide/plugins/com.st.stm32cube.ide.mcu.externaltools.gnu-tools-for-stm32.10.3-2021.10.win32_1.0.200.202301161003/tools/bin/../lib/gcc/arm-none-eabi/10.3.1/thumb/v7-m/nofp\libgcc.a
LOAD c:/st/stm32cubeide_1.12.1/stm32cubeide/plugins/com.st.stm32cube.ide.mcu.externaltools.gnu-tools-for-stm32.10.3-2021.10.win32_1.0.200.202301161003/tools/bin/../lib/gcc/arm-none-eabi/10.3.1/../../../../arm-none-eabi/lib/thumb/v7-m/nofp\libc_nano.a
LOAD c:/st/stm32cubeide_1.12.1/stm32cubeide/plugins/com.st.stm32cube.ide.mcu.externaltools.gnu-tools-for-stm32.10.3-2021.10.win32_1.0.200.202301161003/tools/bin/../lib/gcc/arm-none-eabi/10.3.1/../../../../arm-none-eabi/lib/thumb/v7-m/nofp\libnosys.a
END GROUP
START GROUP
LOAD c:/st/stm32cubeide_1.12.1/stm32cubeide/plugins/com.st.stm32cube.ide.mcu.externaltools.gnu-tools-for-stm32.10.3-2021.10.win32_1.0.200.202301161003/tools/bin/../lib/gcc/arm-none-eabi/10.3.1/thumb/v7-m/nofp\libgcc.a
LOAD c:/st/stm32cubeide_1.12.1/stm32cubeide/plugins/com.st.stm32cube.ide.mcu.externaltools.gnu-tools-for-stm32.10.3-2021.10.win32_1.0.200.202301161003/tools/bin/../lib/gcc/arm-none-eabi/10.3.1/../../../../arm-none-eabi/lib/thumb/v7-m/nofp\libc_nano.a
LOAD c:/st/stm32cubeide_1.12.1/stm32cubeide/plugins/com.st.stm32cube.ide.mcu.externaltools.gnu-tools-for-stm32.10.3-2021.10.win32_1.0.200.202301161003/tools/bin/../lib/gcc/arm-none-eabi/10.3.1/../../../../arm-none-eabi/lib/thumb/v7-m/nofp\libnosys.a
END GROUP
LOAD c:/st/stm32cubeide_1.12.1/stm32cubeide/plugins/com.st.stm32cube.ide.mcu.externaltools.gnu-tools-for-stm32.10.3-2021.10.win32_1.0.200.202301161003/tools/bin/../lib/gcc/arm-none-eabi/10.3.1/thumb/v7-m/nofp/crtend.o
LOAD c:/st/stm32cubeide_1.12.1/stm32cubeide/plugins/com.st.stm32cube.ide.mcu.externaltools.gnu-tools-for-stm32.10.3-2021.10.win32_1.0.200.202301161003/tools/bin/../lib/gcc/arm-none-eabi/10.3.1/thumb/v7-m/nofp/crtn.o
                0x0000000020002800                _estack = (ORIGIN (RAM) + LENGTH (RAM))
                0x0000000000000200                _Min_Heap_Size = 0x200
                0x0000000000000400                _Min_Stack_Size = 0x400

.isr_vector     0x0000000008000000      0x130
                0x0000000008000000                . = ALIGN (0x4)
 *(.isr_vector)
 .isr_vector    0x0000000008000000      0x130 ./Startup/startup_stm32f103c6tx.o
                0x0000000008000000                g_pfnVectors
                0x0000000008000130                . = ALIGN (0x4)

.text           0x0000000008000130     0x2b60
                0x0000000008000130                . = ALIGN (0x4)
 *(.text)
 .text          0x0000000008000130       0x40 c:/st/stm32cubeide_1.12.1/stm32cubeide/plugins/com.st.stm32cube.ide.mcu.externaltools.gnu-tools-for-stm32.10.3-2021.10.win32_1.0.200.202301161003/tools/bin/../lib/gcc/arm-none-eabi/10.3.1/thumb/v7-m/nofp/crtbegin.o
 .text          0x0000000008000170      0x378 c:/st/stm32cubeide_1.12.1/stm32cubeide/plugins/com.st.stm32cube.ide.mcu.externaltools.gnu-tools-for-stm32.10.3-2021.10.win32_1.0.200.202301161003/tools/bin/../lib/gcc/arm-none-eabi/10.3.1/thumb/v7-m/nofp\libgcc.a(_arm_addsubdf3.o)
                0x0000000008000170                __aeabi_drsub
                0x0000000008000178                __aeabi_dsub
                0x0000000008000178                __subdf3
                0x000000000800017c                __aeabi_dadd
                0x000000000800017c                __adddf3
                0x00000000080003f4                __floatunsidf
                0x00000000080003f4                __aeabi_ui2d
                0x0000000008000414                __floatsidf
                0x0000000008000414                __aeabi_i2d
                0x0000000008000438                __aeabi_f2d
                0x0000000008000438                __extendsfdf2
                0x000000000800047c                __floatundidf
                0x000000000800047c                __aeabi_ul2d
                0x000000000800048c                __floatdidf
                0x000000000800048c                __aeabi_l2d
 .text          0x00000000080004e8      0x424 c:/st/stm32cubeide_1.12.1/stm32cubeide/plugins/com.st.stm32cube.ide.mcu.externaltools.gnu-tools-for-stm32.10.3-2021.10.win32_1.0.200.202301161003/tools/bin/../lib/gcc/arm-none-eabi/10.3.1/thumb/v7-m/nofp\libgcc.a(_arm_muldivdf3.o)
                0x00000000080004e8                __aeabi_dmul
                0x00000000080004e8                __muldf3
                0x000000000800073c                __divdf3
                0x000000000800073c                __aeabi_ddiv
 .text          0x000000000800090c       0xa0 c:/st/stm32cubeide_1.12.1/stm32cubeide/plugins/com.st.stm32cube.ide.mcu.externaltools.gnu-tools-for-stm32.10.3-2021.10.win32_1.0.200.202301161003/tools/bin/../lib/gcc/arm-none-eabi/10.3.1/thumb/v7-m/nofp\libgcc.a(_arm_truncdfsf2.o)
                0x000000000800090c                __truncdfsf2
                0x000000000800090c                __aeabi_d2f
 .text          0x00000000080009ac       0xec c:/st/stm32cubeide_1.12.1/stm32cubeide/plugins/com.st.stm32cube.ide.mcu.externaltools.gnu-tools-for-stm32.10.3-2021.10.win32_1.0.200.202301161003/tools/bin/../lib/gcc/arm-none-eabi/10.3.1/thumb/v7-m/nofp\libgcc.a(_arm_cmpsf2.o)
                0x00000000080009ac                __gesf2
                0x00000000080009ac                __gtsf2
                0x00000000080009b4                __lesf2
                0x00000000080009b4                __ltsf2
                0x00000000080009bc                __nesf2
                0x00000000080009bc                __eqsf2
                0x00000000080009bc                __cmpsf2
                0x0000000008000a1c                __aeabi_cfrcmple
                0x0000000008000a24                __aeabi_cfcmpeq
                0x0000000008000a24                __aeabi_cfcmple
                0x0000000008000a34                __aeabi_fcmpeq
                0x0000000008000a48                __aeabi_fcmplt
                0x0000000008000a5c                __aeabi_fcmple
                0x0000000008000a70                __aeabi_fcmpge
                0x0000000008000a84                __aeabi_fcmpgt
 .text          0x0000000008000a98       0x40 c:/st/stm32cubeide_1.12.1/stm32cubeide/plugins/com.st.stm32cube.ide.mcu.externaltools.gnu-tools-for-stm32.10.3-2021.10.win32_1.0.200.202301161003/tools/bin/../lib/gcc/arm-none-eabi/10.3.1/thumb/v7-m/nofp\libgcc.a(_arm_fixunssfsi.o)
                0x0000000008000a98                __fixunssfsi
                0x0000000008000a98                __aeabi_f2uiz
 *(.text*)
 .text._delay_ms
                0x0000000008000ad8       0x32 ./Drivers/00 LIB/Common_function.o
                0x0000000008000ad8                _delay_ms
 *fill*         0x0000000008000b0a        0x2 
 .text.RCC_IntalizeHSI
                0x0000000008000b0c       0x70 ./Drivers/01 MCAL/00 RCC/RCC_program.o
                0x0000000008000b0c                RCC_IntalizeHSI
 .text.RCC_voidSysClkInt
                0x0000000008000b7c       0x1c ./Drivers/01 MCAL/00 RCC/RCC_program.o
                0x0000000008000b7c                RCC_voidSysClkInt
 .text.RCC_voidEnablePerClk
                0x0000000008000b98       0x84 ./Drivers/01 MCAL/00 RCC/RCC_program.o
                0x0000000008000b98                RCC_voidEnablePerClk
 .text.RCC_ADC_SETprescaler
                0x0000000008000c1c       0x98 ./Drivers/01 MCAL/00 RCC/RCC_program.o
                0x0000000008000c1c                RCC_ADC_SETprescaler
 .text.RCC_voidSetAHBprescaler
                0x0000000008000cb4       0x20 ./Drivers/01 MCAL/00 RCC/RCC_program.o
                0x0000000008000cb4                RCC_voidSetAHBprescaler
 .text.RCC_voidSetAPB1prescaler
                0x0000000008000cd4       0x20 ./Drivers/01 MCAL/00 RCC/RCC_program.o
                0x0000000008000cd4                RCC_voidSetAPB1prescaler
 .text.RCC_voidSetAPB2prescaler
                0x0000000008000cf4       0x20 ./Drivers/01 MCAL/00 RCC/RCC_program.o
                0x0000000008000cf4                RCC_voidSetAPB2prescaler
 .text.RCC_voidSetADCprescaler
                0x0000000008000d14       0x2c ./Drivers/01 MCAL/00 RCC/RCC_program.o
                0x0000000008000d14                RCC_voidSetADCprescaler
 .text.DIO_voidSetPinDirection
                0x0000000008000d40      0x1a4 ./Drivers/01 MCAL/01 GPIO/DIO_program.o
                0x0000000008000d40                DIO_voidSetPinDirection
 .text.DIO_voidSetPinValue
                0x0000000008000ee4       0xc0 ./Drivers/01 MCAL/01 GPIO/DIO_program.o
                0x0000000008000ee4                DIO_voidSetPinValue
 .text.DIO_voidtogglepin
                0x0000000008000fa4       0x8c ./Drivers/01 MCAL/01 GPIO/DIO_program.o
                0x0000000008000fa4                DIO_voidtogglepin
 .text.DIO_u8GetPinValue
                0x0000000008001030       0x88 ./Drivers/01 MCAL/01 GPIO/DIO_program.o
                0x0000000008001030                DIO_u8GetPinValue
 .text.DIO_voidWriteValue
                0x00000000080010b8       0x64 ./Drivers/01 MCAL/01 GPIO/DIO_program.o
                0x00000000080010b8                DIO_voidWriteValue
 .text.NVIC_voidEnablePerInt
                0x000000000800111c       0x44 ./Drivers/01 MCAL/02 NVIC/NVIC_program.o
                0x000000000800111c                NVIC_voidEnablePerInt
 .text.EXTI_voidInit
                0x0000000008001160      0x7a4 ./Drivers/01 MCAL/03 EXTI/EXTI_program.o
                0x0000000008001160                EXTI_voidInit
 .text.EXTI_voidEnableInt
                0x0000000008001904       0x2c ./Drivers/01 MCAL/03 EXTI/EXTI_program.o
                0x0000000008001904                EXTI_voidEnableInt
 .text.EXTI_voidDisableInt
                0x0000000008001930       0x30 ./Drivers/01 MCAL/03 EXTI/EXTI_program.o
                0x0000000008001930                EXTI_voidDisableInt
 .text.EXTI_voidChangeSenseMode
                0x0000000008001960       0xc8 ./Drivers/01 MCAL/03 EXTI/EXTI_program.o
                0x0000000008001960                EXTI_voidChangeSenseMode
 .text.EXTI_voidSetCallBack
                0x0000000008001a28       0x2c ./Drivers/01 MCAL/03 EXTI/EXTI_program.o
                0x0000000008001a28                EXTI_voidSetCallBack
 .text.EXTI0_IRQHandler
                0x0000000008001a54       0x2c ./Drivers/01 MCAL/03 EXTI/EXTI_program.o
                0x0000000008001a54                EXTI0_IRQHandler
 .text.EXTI1_IRQHandler
                0x0000000008001a80       0x2c ./Drivers/01 MCAL/03 EXTI/EXTI_program.o
                0x0000000008001a80                EXTI1_IRQHandler
 .text.EXTI2_IRQHandler
                0x0000000008001aac       0x2c ./Drivers/01 MCAL/03 EXTI/EXTI_program.o
                0x0000000008001aac                EXTI2_IRQHandler
 .text.EXTI3_IRQHandler
                0x0000000008001ad8       0x2c ./Drivers/01 MCAL/03 EXTI/EXTI_program.o
                0x0000000008001ad8                EXTI3_IRQHandler
 .text.EXTI4_IRQHandler
                0x0000000008001b04       0x2c ./Drivers/01 MCAL/03 EXTI/EXTI_program.o
                0x0000000008001b04                EXTI4_IRQHandler
 .text.ADC_voidInit
                0x0000000008001b30       0x24 ./Drivers/01 MCAL/04 ADC/ADC_program.o
                0x0000000008001b30                ADC_voidInit
 .text.ADC_voidEnable
                0x0000000008001b54       0x34 ./Drivers/01 MCAL/04 ADC/ADC_program.o
                0x0000000008001b54                ADC_voidEnable
 .text.ADC_Start
                0x0000000008001b88       0x64 ./Drivers/01 MCAL/04 ADC/ADC_program.o
                0x0000000008001b88                ADC_Start
 .text.ADC_channelSetup
                0x0000000008001bec      0x31c ./Drivers/01 MCAL/04 ADC/ADC_program.o
                0x0000000008001bec                ADC_channelSetup
 .text.ADC_ScanConvMode
                0x0000000008001f08       0x1c ./Drivers/01 MCAL/04 ADC/ADC_program.o
                0x0000000008001f08                ADC_ScanConvMode
 .text.ADC_singOrcontainusConvMode
                0x0000000008001f24       0x1c ./Drivers/01 MCAL/04 ADC/ADC_program.o
                0x0000000008001f24                ADC_singOrcontainusConvMode
 .text.ADC_ExternalTrigConv
                0x0000000008001f40       0x1c ./Drivers/01 MCAL/04 ADC/ADC_program.o
                0x0000000008001f40                ADC_ExternalTrigConv
 .text.ADC_DataAligment
                0x0000000008001f5c       0x1c ./Drivers/01 MCAL/04 ADC/ADC_program.o
                0x0000000008001f5c                ADC_DataAligment
 .text.ADC_NbrOfConversion
                0x0000000008001f78       0x18 ./Drivers/01 MCAL/04 ADC/ADC_program.o
                0x0000000008001f78                ADC_NbrOfConversion
 .text.ADC_tempSenEnable
                0x0000000008001f90       0x1c ./Drivers/01 MCAL/04 ADC/ADC_program.o
                0x0000000008001f90                ADC_tempSenEnable
 .text.ADC_DMAenable
                0x0000000008001fac       0x1c ./Drivers/01 MCAL/04 ADC/ADC_program.o
                0x0000000008001fac                ADC_DMAenable
 .text.STK_voidSetBusyWait
                0x0000000008001fc8       0x54 ./Drivers/01 MCAL/05 STK/STK_program.o
                0x0000000008001fc8                STK_voidSetBusyWait
 .text.UART_init
                0x000000000800201c       0x44 ./Drivers/01 MCAL/06 USART/USART_program.o
                0x000000000800201c                UART_init
 .text.UART_enableTX
                0x0000000008002060       0x1c ./Drivers/01 MCAL/06 USART/USART_program.o
                0x0000000008002060                UART_enableTX
 .text.UART_enableRX
                0x000000000800207c       0x1c ./Drivers/01 MCAL/06 USART/USART_program.o
                0x000000000800207c                UART_enableRX
 .text.UART_RXdata
                0x0000000008002098       0x34 ./Drivers/01 MCAL/06 USART/USART_program.o
                0x0000000008002098                UART_RXdata
 .text.SPI1_voidInit
                0x00000000080020cc       0x64 ./Drivers/01 MCAL/08 SPI/SPI_program.o
                0x00000000080020cc                SPI1_voidInit
 .text.SPI_voidSend
                0x0000000008002130       0x30 ./Drivers/01 MCAL/08 SPI/SPI_program.o
                0x0000000008002130                SPI_voidSend
 .text.LED_int  0x0000000008002160       0x30 ./Drivers/02 ECU/00 LED/LED_progrming.o
                0x0000000008002160                LED_int
 .text.LED_on   0x0000000008002190       0x24 ./Drivers/02 ECU/00 LED/LED_progrming.o
                0x0000000008002190                LED_on
 .text.LED_off  0x00000000080021b4       0x24 ./Drivers/02 ECU/00 LED/LED_progrming.o
                0x00000000080021b4                LED_off
 .text.LED_toogle
                0x00000000080021d8       0x24 ./Drivers/02 ECU/00 LED/LED_progrming.o
                0x00000000080021d8                LED_toogle
 .text.BUTTON_init
                0x00000000080021fc       0x4e ./Drivers/02 ECU/01 Button/button_program.o
                0x00000000080021fc                BUTTON_init
 .text.Buzzer_int
                0x000000000800224a       0x30 ./Drivers/02 ECU/03 Buzzer/Buzzer_progrming.o
                0x000000000800224a                Buzzer_int
 .text.Buzzer_on
                0x000000000800227a       0x24 ./Drivers/02 ECU/03 Buzzer/Buzzer_progrming.o
                0x000000000800227a                Buzzer_on
 .text.Buzzer_off
                0x000000000800229e       0x24 ./Drivers/02 ECU/03 Buzzer/Buzzer_progrming.o
                0x000000000800229e                Buzzer_off
 .text.BLUETOOTH_voidinit
                0x00000000080022c2       0x14 ./Drivers/02 ECU/04 BLUETOOTH/BLUETOOTH_program.o
                0x00000000080022c2                BLUETOOTH_voidinit
 .text.BLUETOOTH_u8RecieveData
                0x00000000080022d6       0x1c ./Drivers/02 ECU/04 BLUETOOTH/BLUETOOTH_program.o
                0x00000000080022d6                BLUETOOTH_u8RecieveData
 *fill*         0x00000000080022f2        0x2 
 .text.Segment7_voidSetValue
                0x00000000080022f4       0x40 ./Drivers/02 ECU/05 Segment7/Segment7_program.o
                0x00000000080022f4                Segment7_voidSetValue
 .text.Segment7_voidDisplayON
                0x0000000008002334       0x28 ./Drivers/02 ECU/05 Segment7/Segment7_program.o
                0x0000000008002334                Segment7_voidDisplayON
 .text.Segment7_voidDisplayOFF
                0x000000000800235c       0x28 ./Drivers/02 ECU/05 Segment7/Segment7_program.o
                0x000000000800235c                Segment7_voidDisplayOFF
 .text.Segment7_voidDualModeInit
                0x0000000008002384       0x3e ./Drivers/02 ECU/05 Segment7/Segment7_program.o
                0x0000000008002384                Segment7_voidDualModeInit
 *fill*         0x00000000080023c2        0x2 
 .text.Segment7_voidDualModeSetValue
                0x00000000080023c4       0xbc ./Drivers/02 ECU/05 Segment7/Segment7_program.o
                0x00000000080023c4                Segment7_voidDualModeSetValue
 .text.Heater_systemint
                0x0000000008002480      0x1dc ./Drivers/03 APP/APP_programing.o
                0x0000000008002480                Heater_systemint
 *fill*         0x000000000800265c        0x4 
 .text.main     0x0000000008002660      0x404 ./Src/main.o
                0x0000000008002660                main
 .text.calibration_ISR
                0x0000000008002a64      0x108 ./Src/main.o
                0x0000000008002a64                calibration_ISR
 .text.Button_up_ISR
                0x0000000008002b6c       0x38 ./Src/main.o
                0x0000000008002b6c                Button_up_ISR
 .text.Button_down_ISR
                0x0000000008002ba4       0x38 ./Src/main.o
                0x0000000008002ba4                Button_down_ISR
 .text.Reset_Handler
                0x0000000008002bdc       0x50 ./Startup/startup_stm32f103c6tx.o
                0x0000000008002bdc                Reset_Handler
 .text.Default_Handler
                0x0000000008002c2c        0x2 ./Startup/startup_stm32f103c6tx.o
                0x0000000008002c2c                TIM8_TRG_COM_IRQHandler
                0x0000000008002c2c                TIM8_CC_IRQHandler
                0x0000000008002c2c                DebugMon_Handler
                0x0000000008002c2c                TIM1_CC_IRQHandler
                0x0000000008002c2c                HardFault_Handler
                0x0000000008002c2c                TIM6_IRQHandler
                0x0000000008002c2c                SysTick_Handler
                0x0000000008002c2c                PVD_IRQHandler
                0x0000000008002c2c                SDIO_IRQHandler
                0x0000000008002c2c                PendSV_Handler
                0x0000000008002c2c                NMI_Handler
                0x0000000008002c2c                USB_HP_CAN_TX_IRQHandler
                0x0000000008002c2c                I2C2_EV_IRQHandler
                0x0000000008002c2c                UsageFault_Handler
                0x0000000008002c2c                ADC1_2_IRQHandler
                0x0000000008002c2c                SPI1_IRQHandler
                0x0000000008002c2c                CAN_SCE_IRQHandler
                0x0000000008002c2c                TAMPER_IRQHandler
                0x0000000008002c2c                TIM8_UP_IRQHandler
                0x0000000008002c2c                DMA2_Channel2_IRQHandler
                0x0000000008002c2c                DMA1_Channel4_IRQHandler
                0x0000000008002c2c                USART3_IRQHandler
                0x0000000008002c2c                RTC_IRQHandler
                0x0000000008002c2c                DMA1_Channel7_IRQHandler
                0x0000000008002c2c                UART5_IRQHandler
                0x0000000008002c2c                ADC3_IRQHandler
                0x0000000008002c2c                TIM4_IRQHandler
                0x0000000008002c2c                CAN_RX1_IRQHandler
                0x0000000008002c2c                DMA2_Channel1_IRQHandler
                0x0000000008002c2c                I2C1_EV_IRQHandler
                0x0000000008002c2c                DMA1_Channel6_IRQHandler
                0x0000000008002c2c                UART4_IRQHandler
                0x0000000008002c2c                TIM3_IRQHandler
                0x0000000008002c2c                RCC_IRQHandler
                0x0000000008002c2c                TIM1_TRG_COM_IRQHandler
                0x0000000008002c2c                DMA1_Channel1_IRQHandler
                0x0000000008002c2c                Default_Handler
                0x0000000008002c2c                EXTI15_10_IRQHandler
                0x0000000008002c2c                TIM7_IRQHandler
                0x0000000008002c2c                TIM5_IRQHandler
                0x0000000008002c2c                EXTI9_5_IRQHandler
                0x0000000008002c2c                SPI2_IRQHandler
                0x0000000008002c2c                USB_LP_CAN_RX0_IRQHandler
                0x0000000008002c2c                MemManage_Handler
                0x0000000008002c2c                SVC_Handler
                0x0000000008002c2c                DMA1_Channel5_IRQHandler
                0x0000000008002c2c                DMA1_Channel3_IRQHandler
                0x0000000008002c2c                FSMC_IRQHandler
                0x0000000008002c2c                TIM1_UP_IRQHandler
                0x0000000008002c2c                WWDG_IRQHandler
                0x0000000008002c2c                TIM2_IRQHandler
                0x0000000008002c2c                TIM1_BRK_IRQHandler
                0x0000000008002c2c                RTCAlarm_IRQHandler
                0x0000000008002c2c                DMA2_Channel4_5_IRQHandler
                0x0000000008002c2c                USART2_IRQHandler
                0x0000000008002c2c                I2C2_ER_IRQHandler
                0x0000000008002c2c                DMA1_Channel2_IRQHandler
                0x0000000008002c2c                TIM8_BRK_IRQHandler
                0x0000000008002c2c                FLASH_IRQHandler
                0x0000000008002c2c                BusFault_Handler
                0x0000000008002c2c                USART1_IRQHandler
                0x0000000008002c2c                SPI3_IRQHandler
                0x0000000008002c2c                I2C1_ER_IRQHandler
                0x0000000008002c2c                DMA2_Channel3_IRQHandler
 *fill*         0x0000000008002c2e        0x2 
 .text.__libc_init_array
                0x0000000008002c30       0x48 c:/st/stm32cubeide_1.12.1/stm32cubeide/plugins/com.st.stm32cube.ide.mcu.externaltools.gnu-tools-for-stm32.10.3-2021.10.win32_1.0.200.202301161003/tools/bin/../lib/gcc/arm-none-eabi/10.3.1/../../../../arm-none-eabi/lib/thumb/v7-m/nofp\libc_nano.a(lib_a-init.o)
                0x0000000008002c30                __libc_init_array
 *(.glue_7)
 .glue_7        0x0000000008002c78        0x0 linker stubs
 *(.glue_7t)
 .glue_7t       0x0000000008002c78        0x0 linker stubs
 *(.eh_frame)
 .eh_frame      0x0000000008002c78        0x0 c:/st/stm32cubeide_1.12.1/stm32cubeide/plugins/com.st.stm32cube.ide.mcu.externaltools.gnu-tools-for-stm32.10.3-2021.10.win32_1.0.200.202301161003/tools/bin/../lib/gcc/arm-none-eabi/10.3.1/thumb/v7-m/nofp/crtbegin.o
 *(.init)
 .init          0x0000000008002c78        0x4 c:/st/stm32cubeide_1.12.1/stm32cubeide/plugins/com.st.stm32cube.ide.mcu.externaltools.gnu-tools-for-stm32.10.3-2021.10.win32_1.0.200.202301161003/tools/bin/../lib/gcc/arm-none-eabi/10.3.1/thumb/v7-m/nofp/crti.o
                0x0000000008002c78                _init
 .init          0x0000000008002c7c        0x8 c:/st/stm32cubeide_1.12.1/stm32cubeide/plugins/com.st.stm32cube.ide.mcu.externaltools.gnu-tools-for-stm32.10.3-2021.10.win32_1.0.200.202301161003/tools/bin/../lib/gcc/arm-none-eabi/10.3.1/thumb/v7-m/nofp/crtn.o
 *(.fini)
 .fini          0x0000000008002c84        0x4 c:/st/stm32cubeide_1.12.1/stm32cubeide/plugins/com.st.stm32cube.ide.mcu.externaltools.gnu-tools-for-stm32.10.3-2021.10.win32_1.0.200.202301161003/tools/bin/../lib/gcc/arm-none-eabi/10.3.1/thumb/v7-m/nofp/crti.o
                0x0000000008002c84                _fini
 .fini          0x0000000008002c88        0x8 c:/st/stm32cubeide_1.12.1/stm32cubeide/plugins/com.st.stm32cube.ide.mcu.externaltools.gnu-tools-for-stm32.10.3-2021.10.win32_1.0.200.202301161003/tools/bin/../lib/gcc/arm-none-eabi/10.3.1/thumb/v7-m/nofp/crtn.o
                0x0000000008002c90                . = ALIGN (0x4)
                0x0000000008002c90                _etext = .

.vfp11_veneer   0x0000000008002c90        0x0
 .vfp11_veneer  0x0000000008002c90        0x0 linker stubs

.v4_bx          0x0000000008002c90        0x0
 .v4_bx         0x0000000008002c90        0x0 linker stubs

.iplt           0x0000000008002c90        0x0
 .iplt          0x0000000008002c90        0x0 c:/st/stm32cubeide_1.12.1/stm32cubeide/plugins/com.st.stm32cube.ide.mcu.externaltools.gnu-tools-for-stm32.10.3-2021.10.win32_1.0.200.202301161003/tools/bin/../lib/gcc/arm-none-eabi/10.3.1/thumb/v7-m/nofp/crtbegin.o

.rel.dyn        0x0000000008002c90        0x0
 .rel.iplt      0x0000000008002c90        0x0 c:/st/stm32cubeide_1.12.1/stm32cubeide/plugins/com.st.stm32cube.ide.mcu.externaltools.gnu-tools-for-stm32.10.3-2021.10.win32_1.0.200.202301161003/tools/bin/../lib/gcc/arm-none-eabi/10.3.1/thumb/v7-m/nofp/crtbegin.o

.rodata         0x0000000008002c90        0x0
                0x0000000008002c90                . = ALIGN (0x4)
 *(.rodata)
 *(.rodata*)
                0x0000000008002c90                . = ALIGN (0x4)

.ARM.extab      0x0000000008002c90        0x0
                0x0000000008002c90                . = ALIGN (0x4)
 *(.ARM.extab* .gnu.linkonce.armextab.*)
                0x0000000008002c90                . = ALIGN (0x4)

.ARM            0x0000000008002c90        0x0
                0x0000000008002c90                . = ALIGN (0x4)
                0x0000000008002c90                __exidx_start = .
 *(.ARM.exidx*)
                0x0000000008002c90                __exidx_end = .
                0x0000000008002c90                . = ALIGN (0x4)

.preinit_array  0x0000000008002c90        0x0
                0x0000000008002c90                . = ALIGN (0x4)
                0x0000000008002c90                PROVIDE (__preinit_array_start = .)
 *(.preinit_array*)
                0x0000000008002c90                PROVIDE (__preinit_array_end = .)
                0x0000000008002c90                . = ALIGN (0x4)

.init_array     0x0000000008002c90        0x4
                0x0000000008002c90                . = ALIGN (0x4)
                0x0000000008002c90                PROVIDE (__init_array_start = .)
 *(SORT_BY_NAME(.init_array.*))
 *(.init_array*)
 .init_array    0x0000000008002c90        0x4 c:/st/stm32cubeide_1.12.1/stm32cubeide/plugins/com.st.stm32cube.ide.mcu.externaltools.gnu-tools-for-stm32.10.3-2021.10.win32_1.0.200.202301161003/tools/bin/../lib/gcc/arm-none-eabi/10.3.1/thumb/v7-m/nofp/crtbegin.o
                0x0000000008002c94                PROVIDE (__init_array_end = .)
                0x0000000008002c94                . = ALIGN (0x4)

.fini_array     0x0000000008002c94        0x4
                0x0000000008002c94                . = ALIGN (0x4)
                [!provide]                        PROVIDE (__fini_array_start = .)
 *(SORT_BY_NAME(.fini_array.*))
 *(.fini_array*)
 .fini_array    0x0000000008002c94        0x4 c:/st/stm32cubeide_1.12.1/stm32cubeide/plugins/com.st.stm32cube.ide.mcu.externaltools.gnu-tools-for-stm32.10.3-2021.10.win32_1.0.200.202301161003/tools/bin/../lib/gcc/arm-none-eabi/10.3.1/thumb/v7-m/nofp/crtbegin.o
                [!provide]                        PROVIDE (__fini_array_end = .)
                0x0000000008002c98                . = ALIGN (0x4)
                0x0000000008002c98                _sidata = LOADADDR (.data)

.data           0x0000000020000000        0xc load address 0x0000000008002c98
                0x0000000020000000                . = ALIGN (0x4)
                0x0000000020000000                _sdata = .
 *(.data)
 *(.data*)
 .data.NUM      0x0000000020000000        0xa ./Drivers/02 ECU/05 Segment7/Segment7_program.o
                0x0000000020000000                NUM
 *(.RamFunc)
 *(.RamFunc*)
                0x000000002000000c                . = ALIGN (0x4)
 *fill*         0x000000002000000a        0x2 
                0x000000002000000c                _edata = .

.igot.plt       0x000000002000000c        0x0 load address 0x0000000008002ca4
 .igot.plt      0x000000002000000c        0x0 c:/st/stm32cubeide_1.12.1/stm32cubeide/plugins/com.st.stm32cube.ide.mcu.externaltools.gnu-tools-for-stm32.10.3-2021.10.win32_1.0.200.202301161003/tools/bin/../lib/gcc/arm-none-eabi/10.3.1/thumb/v7-m/nofp/crtbegin.o
                0x000000002000000c                . = ALIGN (0x4)

.bss            0x000000002000000c       0x68 load address 0x0000000008002ca4
                0x000000002000000c                _sbss = .
                0x000000002000000c                __bss_start__ = _sbss
 *(.bss)
 .bss           0x000000002000000c       0x1c c:/st/stm32cubeide_1.12.1/stm32cubeide/plugins/com.st.stm32cube.ide.mcu.externaltools.gnu-tools-for-stm32.10.3-2021.10.win32_1.0.200.202301161003/tools/bin/../lib/gcc/arm-none-eabi/10.3.1/thumb/v7-m/nofp/crtbegin.o
 *(.bss*)
 .bss.EXTI_CallBack
                0x0000000020000028       0x40 ./Drivers/01 MCAL/03 EXTI/EXTI_program.o
 .bss.ADC_Value
                0x0000000020000068        0x2 ./Src/main.o
                0x0000000020000068                ADC_Value
 .bss.INBUT_Value
                0x000000002000006a        0x1 ./Src/main.o
                0x000000002000006a                INBUT_Value
 *fill*         0x000000002000006b        0x1 
 .bss.temperature
                0x000000002000006c        0x4 ./Src/main.o
                0x000000002000006c                temperature
 .bss.indicator
                0x0000000020000070        0x1 ./Src/main.o
                0x0000000020000070                indicator
 *(COMMON)
                0x0000000020000074                . = ALIGN (0x4)
 *fill*         0x0000000020000071        0x3 
                0x0000000020000074                _ebss = .
                0x0000000020000074                __bss_end__ = _ebss

._user_heap_stack
                0x0000000020000074      0x604 load address 0x0000000008002ca4
                0x0000000020000078                . = ALIGN (0x8)
 *fill*         0x0000000020000074        0x4 
                [!provide]                        PROVIDE (end = .)
                0x0000000020000078                PROVIDE (_end = .)
                0x0000000020000278                . = (. + _Min_Heap_Size)
 *fill*         0x0000000020000078      0x200 
                0x0000000020000678                . = (. + _Min_Stack_Size)
 *fill*         0x0000000020000278      0x400 
                0x0000000020000678                . = ALIGN (0x8)

/DISCARD/
 libc.a(*)
 libm.a(*)
 libgcc.a(*)

.ARM.attributes
                0x0000000000000000       0x29
 *(.ARM.attributes)
 .ARM.attributes
                0x0000000000000000       0x1d c:/st/stm32cubeide_1.12.1/stm32cubeide/plugins/com.st.stm32cube.ide.mcu.externaltools.gnu-tools-for-stm32.10.3-2021.10.win32_1.0.200.202301161003/tools/bin/../lib/gcc/arm-none-eabi/10.3.1/thumb/v7-m/nofp/crti.o
 .ARM.attributes
                0x000000000000001d       0x2d c:/st/stm32cubeide_1.12.1/stm32cubeide/plugins/com.st.stm32cube.ide.mcu.externaltools.gnu-tools-for-stm32.10.3-2021.10.win32_1.0.200.202301161003/tools/bin/../lib/gcc/arm-none-eabi/10.3.1/thumb/v7-m/nofp/crtbegin.o
 .ARM.attributes
                0x000000000000004a       0x2d ./Drivers/00 LIB/Common_function.o
 .ARM.attributes
                0x0000000000000077       0x2d ./Drivers/01 MCAL/00 RCC/RCC_program.o
 .ARM.attributes
                0x00000000000000a4       0x2d ./Drivers/01 MCAL/01 GPIO/DIO_program.o
 .ARM.attributes
                0x00000000000000d1       0x2d ./Drivers/01 MCAL/02 NVIC/NVIC_program.o
 .ARM.attributes
                0x00000000000000fe       0x2d ./Drivers/01 MCAL/03 EXTI/EXTI_program.o
 .ARM.attributes
                0x000000000000012b       0x2d ./Drivers/01 MCAL/04 ADC/ADC_program.o
 .ARM.attributes
                0x0000000000000158       0x2d ./Drivers/01 MCAL/05 STK/STK_program.o
 .ARM.attributes
                0x0000000000000185       0x2d ./Drivers/01 MCAL/06 USART/USART_program.o
 .ARM.attributes
                0x00000000000001b2       0x2d ./Drivers/01 MCAL/08 SPI/SPI_program.o
 .ARM.attributes
                0x00000000000001df       0x2d ./Drivers/02 ECU/00 LED/LED_progrming.o
 .ARM.attributes
                0x000000000000020c       0x2d ./Drivers/02 ECU/01 Button/button_program.o
 .ARM.attributes
                0x0000000000000239       0x2d ./Drivers/02 ECU/03 Buzzer/Buzzer_progrming.o
 .ARM.attributes
                0x0000000000000266       0x2d ./Drivers/02 ECU/04 BLUETOOTH/BLUETOOTH_program.o
 .ARM.attributes
                0x0000000000000293       0x2d ./Drivers/02 ECU/05 Segment7/Segment7_program.o
 .ARM.attributes
                0x00000000000002c0       0x2d ./Drivers/03 APP/APP_programing.o
 .ARM.attributes
                0x00000000000002ed       0x2d ./Src/main.o
 .ARM.attributes
                0x000000000000031a       0x21 ./Startup/startup_stm32f103c6tx.o
 .ARM.attributes
                0x000000000000033b       0x2d c:/st/stm32cubeide_1.12.1/stm32cubeide/plugins/com.st.stm32cube.ide.mcu.externaltools.gnu-tools-for-stm32.10.3-2021.10.win32_1.0.200.202301161003/tools/bin/../lib/gcc/arm-none-eabi/10.3.1/../../../../arm-none-eabi/lib/thumb/v7-m/nofp\libc_nano.a(lib_a-init.o)
 .ARM.attributes
                0x0000000000000368       0x1d c:/st/stm32cubeide_1.12.1/stm32cubeide/plugins/com.st.stm32cube.ide.mcu.externaltools.gnu-tools-for-stm32.10.3-2021.10.win32_1.0.200.202301161003/tools/bin/../lib/gcc/arm-none-eabi/10.3.1/thumb/v7-m/nofp\libgcc.a(_arm_addsubdf3.o)
 .ARM.attributes
                0x0000000000000385       0x1d c:/st/stm32cubeide_1.12.1/stm32cubeide/plugins/com.st.stm32cube.ide.mcu.externaltools.gnu-tools-for-stm32.10.3-2021.10.win32_1.0.200.202301161003/tools/bin/../lib/gcc/arm-none-eabi/10.3.1/thumb/v7-m/nofp\libgcc.a(_arm_muldivdf3.o)
 .ARM.attributes
                0x00000000000003a2       0x1d c:/st/stm32cubeide_1.12.1/stm32cubeide/plugins/com.st.stm32cube.ide.mcu.externaltools.gnu-tools-for-stm32.10.3-2021.10.win32_1.0.200.202301161003/tools/bin/../lib/gcc/arm-none-eabi/10.3.1/thumb/v7-m/nofp\libgcc.a(_arm_truncdfsf2.o)
 .ARM.attributes
                0x00000000000003bf       0x1d c:/st/stm32cubeide_1.12.1/stm32cubeide/plugins/com.st.stm32cube.ide.mcu.externaltools.gnu-tools-for-stm32.10.3-2021.10.win32_1.0.200.202301161003/tools/bin/../lib/gcc/arm-none-eabi/10.3.1/thumb/v7-m/nofp\libgcc.a(_arm_cmpsf2.o)
 .ARM.attributes
                0x00000000000003dc       0x1d c:/st/stm32cubeide_1.12.1/stm32cubeide/plugins/com.st.stm32cube.ide.mcu.externaltools.gnu-tools-for-stm32.10.3-2021.10.win32_1.0.200.202301161003/tools/bin/../lib/gcc/arm-none-eabi/10.3.1/thumb/v7-m/nofp\libgcc.a(_arm_fixunssfsi.o)
 .ARM.attributes
                0x00000000000003f9       0x1d c:/st/stm32cubeide_1.12.1/stm32cubeide/plugins/com.st.stm32cube.ide.mcu.externaltools.gnu-tools-for-stm32.10.3-2021.10.win32_1.0.200.202301161003/tools/bin/../lib/gcc/arm-none-eabi/10.3.1/thumb/v7-m/nofp/crtn.o
OUTPUT(Project_st.elf elf32-littlearm)
LOAD linker stubs
LOAD c:/st/stm32cubeide_1.12.1/stm32cubeide/plugins/com.st.stm32cube.ide.mcu.externaltools.gnu-tools-for-stm32.10.3-2021.10.win32_1.0.200.202301161003/tools/bin/../lib/gcc/arm-none-eabi/10.3.1/../../../../arm-none-eabi/lib/thumb/v7-m/nofp\libc.a
LOAD c:/st/stm32cubeide_1.12.1/stm32cubeide/plugins/com.st.stm32cube.ide.mcu.externaltools.gnu-tools-for-stm32.10.3-2021.10.win32_1.0.200.202301161003/tools/bin/../lib/gcc/arm-none-eabi/10.3.1/../../../../arm-none-eabi/lib/thumb/v7-m/nofp\libm.a
LOAD c:/st/stm32cubeide_1.12.1/stm32cubeide/plugins/com.st.stm32cube.ide.mcu.externaltools.gnu-tools-for-stm32.10.3-2021.10.win32_1.0.200.202301161003/tools/bin/../lib/gcc/arm-none-eabi/10.3.1/thumb/v7-m/nofp\libgcc.a

.debug_info     0x0000000000000000     0x282b
 .debug_info    0x0000000000000000       0xab ./Drivers/00 LIB/Common_function.o
 .debug_info    0x00000000000000ab      0x3f6 ./Drivers/01 MCAL/00 RCC/RCC_program.o
 .debug_info    0x00000000000004a1      0x1cc ./Drivers/01 MCAL/01 GPIO/DIO_program.o
 .debug_info    0x000000000000066d      0x19f ./Drivers/01 MCAL/02 NVIC/NVIC_program.o
 .debug_info    0x000000000000080c      0x430 ./Drivers/01 MCAL/03 EXTI/EXTI_program.o
 .debug_info    0x0000000000000c3c      0x49e ./Drivers/01 MCAL/04 ADC/ADC_program.o
 .debug_info    0x00000000000010da      0x202 ./Drivers/01 MCAL/05 STK/STK_program.o
 .debug_info    0x00000000000012dc      0x214 ./Drivers/01 MCAL/06 USART/USART_program.o
 .debug_info    0x00000000000014f0      0x172 ./Drivers/01 MCAL/08 SPI/SPI_program.o
 .debug_info    0x0000000000001662      0x19a ./Drivers/02 ECU/00 LED/LED_progrming.o
 .debug_info    0x00000000000017fc      0x17f ./Drivers/02 ECU/01 Button/button_program.o
 .debug_info    0x000000000000197b      0x19a ./Drivers/02 ECU/03 Buzzer/Buzzer_progrming.o
 .debug_info    0x0000000000001b15      0x11f ./Drivers/02 ECU/04 BLUETOOTH/BLUETOOTH_program.o
 .debug_info    0x0000000000001c34      0x29f ./Drivers/02 ECU/05 Segment7/Segment7_program.o
 .debug_info    0x0000000000001ed3      0x540 ./Drivers/03 APP/APP_programing.o
 .debug_info    0x0000000000002413      0x3f6 ./Src/main.o
 .debug_info    0x0000000000002809       0x22 ./Startup/startup_stm32f103c6tx.o

.debug_abbrev   0x0000000000000000      0xf4e
 .debug_abbrev  0x0000000000000000       0x78 ./Drivers/00 LIB/Common_function.o
 .debug_abbrev  0x0000000000000078       0xdc ./Drivers/01 MCAL/00 RCC/RCC_program.o
 .debug_abbrev  0x0000000000000154       0xc3 ./Drivers/01 MCAL/01 GPIO/DIO_program.o
 .debug_abbrev  0x0000000000000217       0xb0 ./Drivers/01 MCAL/02 NVIC/NVIC_program.o
 .debug_abbrev  0x00000000000002c7      0x185 ./Drivers/01 MCAL/03 EXTI/EXTI_program.o
 .debug_abbrev  0x000000000000044c      0x113 ./Drivers/01 MCAL/04 ADC/ADC_program.o
 .debug_abbrev  0x000000000000055f      0x10f ./Drivers/01 MCAL/05 STK/STK_program.o
 .debug_abbrev  0x000000000000066e      0x15f ./Drivers/01 MCAL/06 USART/USART_program.o
 .debug_abbrev  0x00000000000007cd       0xf2 ./Drivers/01 MCAL/08 SPI/SPI_program.o
 .debug_abbrev  0x00000000000008bf       0x9f ./Drivers/02 ECU/00 LED/LED_progrming.o
 .debug_abbrev  0x000000000000095e       0xea ./Drivers/02 ECU/01 Button/button_program.o
 .debug_abbrev  0x0000000000000a48       0x9f ./Drivers/02 ECU/03 Buzzer/Buzzer_progrming.o
 .debug_abbrev  0x0000000000000ae7       0xf6 ./Drivers/02 ECU/04 BLUETOOTH/BLUETOOTH_program.o
 .debug_abbrev  0x0000000000000bdd       0xe6 ./Drivers/02 ECU/05 Segment7/Segment7_program.o
 .debug_abbrev  0x0000000000000cc3       0xfa ./Drivers/03 APP/APP_programing.o
 .debug_abbrev  0x0000000000000dbd      0x17f ./Src/main.o
 .debug_abbrev  0x0000000000000f3c       0x12 ./Startup/startup_stm32f103c6tx.o

.debug_aranges  0x0000000000000000      0x4d8
 .debug_aranges
                0x0000000000000000       0x20 ./Drivers/00 LIB/Common_function.o
 .debug_aranges
                0x0000000000000020       0x70 ./Drivers/01 MCAL/00 RCC/RCC_program.o
 .debug_aranges
                0x0000000000000090       0x40 ./Drivers/01 MCAL/01 GPIO/DIO_program.o
 .debug_aranges
                0x00000000000000d0       0x50 ./Drivers/01 MCAL/02 NVIC/NVIC_program.o
 .debug_aranges
                0x0000000000000120       0xd8 ./Drivers/01 MCAL/03 EXTI/EXTI_program.o
 .debug_aranges
                0x00000000000001f8       0x80 ./Drivers/01 MCAL/04 ADC/ADC_program.o
 .debug_aranges
                0x0000000000000278       0x50 ./Drivers/01 MCAL/05 STK/STK_program.o
 .debug_aranges
                0x00000000000002c8       0x50 ./Drivers/01 MCAL/06 USART/USART_program.o
 .debug_aranges
                0x0000000000000318       0x30 ./Drivers/01 MCAL/08 SPI/SPI_program.o
 .debug_aranges
                0x0000000000000348       0x38 ./Drivers/02 ECU/00 LED/LED_progrming.o
 .debug_aranges
                0x0000000000000380       0x28 ./Drivers/02 ECU/01 Button/button_program.o
 .debug_aranges
                0x00000000000003a8       0x38 ./Drivers/02 ECU/03 Buzzer/Buzzer_progrming.o
 .debug_aranges
                0x00000000000003e0       0x30 ./Drivers/02 ECU/04 BLUETOOTH/BLUETOOTH_program.o
 .debug_aranges
                0x0000000000000410       0x48 ./Drivers/02 ECU/05 Segment7/Segment7_program.o
 .debug_aranges
                0x0000000000000458       0x20 ./Drivers/03 APP/APP_programing.o
 .debug_aranges
                0x0000000000000478       0x38 ./Src/main.o
 .debug_aranges
                0x00000000000004b0       0x28 ./Startup/startup_stm32f103c6tx.o

.debug_ranges   0x0000000000000000      0x3d0
 .debug_ranges  0x0000000000000000       0x10 ./Drivers/00 LIB/Common_function.o
 .debug_ranges  0x0000000000000010       0x60 ./Drivers/01 MCAL/00 RCC/RCC_program.o
 .debug_ranges  0x0000000000000070       0x30 ./Drivers/01 MCAL/01 GPIO/DIO_program.o
 .debug_ranges  0x00000000000000a0       0x40 ./Drivers/01 MCAL/02 NVIC/NVIC_program.o
 .debug_ranges  0x00000000000000e0       0xc8 ./Drivers/01 MCAL/03 EXTI/EXTI_program.o
 .debug_ranges  0x00000000000001a8       0x70 ./Drivers/01 MCAL/04 ADC/ADC_program.o
 .debug_ranges  0x0000000000000218       0x40 ./Drivers/01 MCAL/05 STK/STK_program.o
 .debug_ranges  0x0000000000000258       0x40 ./Drivers/01 MCAL/06 USART/USART_program.o
 .debug_ranges  0x0000000000000298       0x20 ./Drivers/01 MCAL/08 SPI/SPI_program.o
 .debug_ranges  0x00000000000002b8       0x28 ./Drivers/02 ECU/00 LED/LED_progrming.o
 .debug_ranges  0x00000000000002e0       0x18 ./Drivers/02 ECU/01 Button/button_program.o
 .debug_ranges  0x00000000000002f8       0x28 ./Drivers/02 ECU/03 Buzzer/Buzzer_progrming.o
 .debug_ranges  0x0000000000000320       0x20 ./Drivers/02 ECU/04 BLUETOOTH/BLUETOOTH_program.o
 .debug_ranges  0x0000000000000340       0x38 ./Drivers/02 ECU/05 Segment7/Segment7_program.o
 .debug_ranges  0x0000000000000378       0x10 ./Drivers/03 APP/APP_programing.o
 .debug_ranges  0x0000000000000388       0x28 ./Src/main.o
 .debug_ranges  0x00000000000003b0       0x20 ./Startup/startup_stm32f103c6tx.o

.debug_macro    0x0000000000000000     0x17b6
 .debug_macro   0x0000000000000000       0x2e ./Drivers/00 LIB/Common_function.o
 .debug_macro   0x000000000000002e      0xa72 ./Drivers/00 LIB/Common_function.o
 .debug_macro   0x0000000000000aa0       0x22 ./Drivers/00 LIB/Common_function.o
 .debug_macro   0x0000000000000ac2       0x3f ./Drivers/01 MCAL/00 RCC/RCC_program.o
 .debug_macro   0x0000000000000b01       0x1c ./Drivers/01 MCAL/00 RCC/RCC_program.o
 .debug_macro   0x0000000000000b1d       0x4c ./Drivers/01 MCAL/00 RCC/RCC_program.o
 .debug_macro   0x0000000000000b69       0x35 ./Drivers/01 MCAL/00 RCC/RCC_program.o
 .debug_macro   0x0000000000000b9e       0x3c ./Drivers/01 MCAL/01 GPIO/DIO_program.o
 .debug_macro   0x0000000000000bda       0x9a ./Drivers/01 MCAL/01 GPIO/DIO_program.o
 .debug_macro   0x0000000000000c74       0xdc ./Drivers/01 MCAL/01 GPIO/DIO_program.o
 .debug_macro   0x0000000000000d50       0x4c ./Drivers/01 MCAL/02 NVIC/NVIC_program.o
 .debug_macro   0x0000000000000d9c       0x70 ./Drivers/01 MCAL/02 NVIC/NVIC_program.o
 .debug_macro   0x0000000000000e0c       0x10 ./Drivers/01 MCAL/02 NVIC/NVIC_program.o
 .debug_macro   0x0000000000000e1c       0x83 ./Drivers/01 MCAL/03 EXTI/EXTI_program.o
 .debug_macro   0x0000000000000e9f       0x16 ./Drivers/01 MCAL/03 EXTI/EXTI_program.o
 .debug_macro   0x0000000000000eb5       0x40 ./Drivers/01 MCAL/04 ADC/ADC_program.o
 .debug_macro   0x0000000000000ef5       0x34 ./Drivers/01 MCAL/04 ADC/ADC_program.o
 .debug_macro   0x0000000000000f29       0x10 ./Drivers/01 MCAL/04 ADC/ADC_program.o
 .debug_macro   0x0000000000000f39       0x46 ./Drivers/01 MCAL/05 STK/STK_program.o
 .debug_macro   0x0000000000000f7f       0x10 ./Drivers/01 MCAL/05 STK/STK_program.o
 .debug_macro   0x0000000000000f8f       0x28 ./Drivers/01 MCAL/05 STK/STK_program.o
 .debug_macro   0x0000000000000fb7       0x40 ./Drivers/01 MCAL/06 USART/USART_program.o
 .debug_macro   0x0000000000000ff7       0x28 ./Drivers/01 MCAL/06 USART/USART_program.o
 .debug_macro   0x000000000000101f      0x160 ./Drivers/01 MCAL/06 USART/USART_program.o
 .debug_macro   0x000000000000117f       0x40 ./Drivers/01 MCAL/08 SPI/SPI_program.o
 .debug_macro   0x00000000000011bf       0x28 ./Drivers/01 MCAL/08 SPI/SPI_program.o
 .debug_macro   0x00000000000011e7      0x154 ./Drivers/01 MCAL/08 SPI/SPI_program.o
 .debug_macro   0x000000000000133b       0x80 ./Drivers/02 ECU/00 LED/LED_progrming.o
 .debug_macro   0x00000000000013bb       0x80 ./Drivers/02 ECU/01 Button/button_program.o
 .debug_macro   0x000000000000143b       0x59 ./Drivers/02 ECU/03 Buzzer/Buzzer_progrming.o
 .debug_macro   0x0000000000001494       0x38 ./Drivers/02 ECU/04 BLUETOOTH/BLUETOOTH_program.o
 .debug_macro   0x00000000000014cc       0x46 ./Drivers/02 ECU/05 Segment7/Segment7_program.o
 .debug_macro   0x0000000000001512       0x46 ./Drivers/02 ECU/05 Segment7/Segment7_program.o
 .debug_macro   0x0000000000001558      0x107 ./Drivers/03 APP/APP_programing.o
 .debug_macro   0x000000000000165f       0x34 ./Drivers/03 APP/APP_programing.o
 .debug_macro   0x0000000000001693       0x10 ./Drivers/03 APP/APP_programing.o
 .debug_macro   0x00000000000016a3      0x113 ./Src/main.o

.debug_line     0x0000000000000000     0x3522
 .debug_line    0x0000000000000000       0xaa ./Drivers/00 LIB/Common_function.o
 .debug_line    0x00000000000000aa      0x34b ./Drivers/01 MCAL/00 RCC/RCC_program.o
 .debug_line    0x00000000000003f5      0x32b ./Drivers/01 MCAL/01 GPIO/DIO_program.o
 .debug_line    0x0000000000000720      0x219 ./Drivers/01 MCAL/02 NVIC/NVIC_program.o
 .debug_line    0x0000000000000939      0x5dd ./Drivers/01 MCAL/03 EXTI/EXTI_program.o
 .debug_line    0x0000000000000f16      0x485 ./Drivers/01 MCAL/04 ADC/ADC_program.o
 .debug_line    0x000000000000139b      0x1e4 ./Drivers/01 MCAL/05 STK/STK_program.o
 .debug_line    0x000000000000157f      0x21e ./Drivers/01 MCAL/06 USART/USART_program.o
 .debug_line    0x000000000000179d      0x156 ./Drivers/01 MCAL/08 SPI/SPI_program.o
 .debug_line    0x00000000000018f3      0x2f7 ./Drivers/02 ECU/00 LED/LED_progrming.o
 .debug_line    0x0000000000001bea      0x2e6 ./Drivers/02 ECU/01 Button/button_program.o
 .debug_line    0x0000000000001ed0      0x214 ./Drivers/02 ECU/03 Buzzer/Buzzer_progrming.o
 .debug_line    0x00000000000020e4      0x19c ./Drivers/02 ECU/04 BLUETOOTH/BLUETOOTH_program.o
 .debug_line    0x0000000000002280      0x290 ./Drivers/02 ECU/05 Segment7/Segment7_program.o
 .debug_line    0x0000000000002510      0x696 ./Drivers/03 APP/APP_programing.o
 .debug_line    0x0000000000002ba6      0x8f8 ./Src/main.o
 .debug_line    0x000000000000349e       0x84 ./Startup/startup_stm32f103c6tx.o

.debug_str      0x0000000000000000     0x567e
 .debug_str     0x0000000000000000     0x2d97 ./Drivers/00 LIB/Common_function.o
                                       0x2df6 (size before relaxing)
 .debug_str     0x0000000000002d97      0x66c ./Drivers/01 MCAL/00 RCC/RCC_program.o
                                       0x346a (size before relaxing)
 .debug_str     0x0000000000003403      0x6e0 ./Drivers/01 MCAL/01 GPIO/DIO_program.o
                                       0x34a9 (size before relaxing)
 .debug_str     0x0000000000003ae3      0x406 ./Drivers/01 MCAL/02 NVIC/NVIC_program.o
                                       0x31b5 (size before relaxing)
 .debug_str     0x0000000000003ee9      0x3c1 ./Drivers/01 MCAL/03 EXTI/EXTI_program.o
                                       0x37af (size before relaxing)
 .debug_str     0x00000000000042aa      0x475 ./Drivers/01 MCAL/04 ADC/ADC_program.o
                                       0x3268 (size before relaxing)
 .debug_str     0x000000000000471f      0x1f0 ./Drivers/01 MCAL/05 STK/STK_program.o
                                       0x2f9f (size before relaxing)
 .debug_str     0x000000000000490f      0x36d ./Drivers/01 MCAL/06 USART/USART_program.o
                                       0x3126 (size before relaxing)
 .debug_str     0x0000000000004c7c      0x3d8 ./Drivers/01 MCAL/08 SPI/SPI_program.o
                                       0x318c (size before relaxing)
 .debug_str     0x0000000000005054       0x79 ./Drivers/02 ECU/00 LED/LED_progrming.o
                                       0x3556 (size before relaxing)
 .debug_str     0x00000000000050cd       0xb2 ./Drivers/02 ECU/01 Button/button_program.o
                                       0x3595 (size before relaxing)
 .debug_str     0x000000000000517f       0x97 ./Drivers/02 ECU/03 Buzzer/Buzzer_progrming.o
                                       0x34f4 (size before relaxing)
 .debug_str     0x0000000000005216       0x8e ./Drivers/02 ECU/04 BLUETOOTH/BLUETOOTH_program.o
                                       0x2e94 (size before relaxing)
 .debug_str     0x00000000000052a4      0x150 ./Drivers/02 ECU/05 Segment7/Segment7_program.o
                                       0x351f (size before relaxing)
 .debug_str     0x00000000000053f4      0x1d4 ./Drivers/03 APP/APP_programing.o
                                       0x3fa3 (size before relaxing)
 .debug_str     0x00000000000055c8       0x85 ./Src/main.o
                                       0x3c0a (size before relaxing)
 .debug_str     0x000000000000564d       0x31 ./Startup/startup_stm32f103c6tx.o
                                         0x71 (size before relaxing)

.comment        0x0000000000000000       0x50
 .comment       0x0000000000000000       0x50 ./Drivers/00 LIB/Common_function.o
                                         0x51 (size before relaxing)
 .comment       0x0000000000000050       0x51 ./Drivers/01 MCAL/00 RCC/RCC_program.o
 .comment       0x0000000000000050       0x51 ./Drivers/01 MCAL/01 GPIO/DIO_program.o
 .comment       0x0000000000000050       0x51 ./Drivers/01 MCAL/02 NVIC/NVIC_program.o
 .comment       0x0000000000000050       0x51 ./Drivers/01 MCAL/03 EXTI/EXTI_program.o
 .comment       0x0000000000000050       0x51 ./Drivers/01 MCAL/04 ADC/ADC_program.o
 .comment       0x0000000000000050       0x51 ./Drivers/01 MCAL/05 STK/STK_program.o
 .comment       0x0000000000000050       0x51 ./Drivers/01 MCAL/06 USART/USART_program.o
 .comment       0x0000000000000050       0x51 ./Drivers/01 MCAL/08 SPI/SPI_program.o
 .comment       0x0000000000000050       0x51 ./Drivers/02 ECU/00 LED/LED_progrming.o
 .comment       0x0000000000000050       0x51 ./Drivers/02 ECU/01 Button/button_program.o
 .comment       0x0000000000000050       0x51 ./Drivers/02 ECU/03 Buzzer/Buzzer_progrming.o
 .comment       0x0000000000000050       0x51 ./Drivers/02 ECU/04 BLUETOOTH/BLUETOOTH_program.o
 .comment       0x0000000000000050       0x51 ./Drivers/02 ECU/05 Segment7/Segment7_program.o
 .comment       0x0000000000000050       0x51 ./Drivers/03 APP/APP_programing.o
 .comment       0x0000000000000050       0x51 ./Src/main.o

.debug_frame    0x0000000000000000     0x10ec
 .debug_frame   0x0000000000000000       0x38 ./Drivers/00 LIB/Common_function.o
 .debug_frame   0x0000000000000038      0x180 ./Drivers/01 MCAL/00 RCC/RCC_program.o
 .debug_frame   0x00000000000001b8       0xd8 ./Drivers/01 MCAL/01 GPIO/DIO_program.o
 .debug_frame   0x0000000000000290      0x120 ./Drivers/01 MCAL/02 NVIC/NVIC_program.o
 .debug_frame   0x00000000000003b0      0x2f8 ./Drivers/01 MCAL/03 EXTI/EXTI_program.o
 .debug_frame   0x00000000000006a8      0x1cc ./Drivers/01 MCAL/04 ADC/ADC_program.o
 .debug_frame   0x0000000000000874      0x118 ./Drivers/01 MCAL/05 STK/STK_program.o
 .debug_frame   0x000000000000098c      0x108 ./Drivers/01 MCAL/06 USART/USART_program.o
 .debug_frame   0x0000000000000a94       0x80 ./Drivers/01 MCAL/08 SPI/SPI_program.o
 .debug_frame   0x0000000000000b14       0xa0 ./Drivers/02 ECU/00 LED/LED_progrming.o
 .debug_frame   0x0000000000000bb4       0x58 ./Drivers/02 ECU/01 Button/button_program.o
 .debug_frame   0x0000000000000c0c       0xa0 ./Drivers/02 ECU/03 Buzzer/Buzzer_progrming.o
 .debug_frame   0x0000000000000cac       0x74 ./Drivers/02 ECU/04 BLUETOOTH/BLUETOOTH_program.o
 .debug_frame   0x0000000000000d20       0xe8 ./Drivers/02 ECU/05 Segment7/Segment7_program.o
 .debug_frame   0x0000000000000e08       0x2c ./Drivers/03 APP/APP_programing.o
 .debug_frame   0x0000000000000e34       0x80 ./Src/main.o
 .debug_frame   0x0000000000000eb4       0x2c c:/st/stm32cubeide_1.12.1/stm32cubeide/plugins/com.st.stm32cube.ide.mcu.externaltools.gnu-tools-for-stm32.10.3-2021.10.win32_1.0.200.202301161003/tools/bin/../lib/gcc/arm-none-eabi/10.3.1/../../../../arm-none-eabi/lib/thumb/v7-m/nofp\libc_nano.a(lib_a-init.o)
 .debug_frame   0x0000000000000ee0       0xac c:/st/stm32cubeide_1.12.1/stm32cubeide/plugins/com.st.stm32cube.ide.mcu.externaltools.gnu-tools-for-stm32.10.3-2021.10.win32_1.0.200.202301161003/tools/bin/../lib/gcc/arm-none-eabi/10.3.1/thumb/v7-m/nofp\libgcc.a(_arm_addsubdf3.o)
 .debug_frame   0x0000000000000f8c       0x50 c:/st/stm32cubeide_1.12.1/stm32cubeide/plugins/com.st.stm32cube.ide.mcu.externaltools.gnu-tools-for-stm32.10.3-2021.10.win32_1.0.200.202301161003/tools/bin/../lib/gcc/arm-none-eabi/10.3.1/thumb/v7-m/nofp\libgcc.a(_arm_muldivdf3.o)
 .debug_frame   0x0000000000000fdc       0x24 c:/st/stm32cubeide_1.12.1/stm32cubeide/plugins/com.st.stm32cube.ide.mcu.externaltools.gnu-tools-for-stm32.10.3-2021.10.win32_1.0.200.202301161003/tools/bin/../lib/gcc/arm-none-eabi/10.3.1/thumb/v7-m/nofp\libgcc.a(_arm_truncdfsf2.o)
 .debug_frame   0x0000000000001000       0xc8 c:/st/stm32cubeide_1.12.1/stm32cubeide/plugins/com.st.stm32cube.ide.mcu.externaltools.gnu-tools-for-stm32.10.3-2021.10.win32_1.0.200.202301161003/tools/bin/../lib/gcc/arm-none-eabi/10.3.1/thumb/v7-m/nofp\libgcc.a(_arm_cmpsf2.o)
 .debug_frame   0x00000000000010c8       0x24 c:/st/stm32cubeide_1.12.1/stm32cubeide/plugins/com.st.stm32cube.ide.mcu.externaltools.gnu-tools-for-stm32.10.3-2021.10.win32_1.0.200.202301161003/tools/bin/../lib/gcc/arm-none-eabi/10.3.1/thumb/v7-m/nofp\libgcc.a(_arm_fixunssfsi.o)
