../Drivers/01 MCAL/04 ADC/ADC_program.c:3:6:ADC_voidInit	8	static
../Drivers/01 MCAL/04 ADC/ADC_program.c:20:6:ADC_voidEnable	16	static
../Drivers/01 MCAL/04 ADC/ADC_program.c:26:6:ADC_Start	4	static
../Drivers/01 MCAL/04 ADC/ADC_program.c:38:6:ADC_channelSetup	16	static
../Drivers/01 MCAL/04 ADC/ADC_program.c:91:6:ADC_getStatusflag	16	static
../Drivers/01 MCAL/04 ADC/ADC_program.c:109:6:AD_clearStatusflag	16	static
../Drivers/01 MCAL/04 ADC/ADC_program.c:125:6:ADC_ScanConvMode	4	static
../Drivers/01 MCAL/04 ADC/ADC_program.c:136:6:ADC_singOrcontainusConvMode	4	static
../Drivers/01 MCAL/04 ADC/ADC_program.c:157:6:ADC_ExternalTrigConv	4	static
../Drivers/01 MCAL/04 ADC/ADC_program.c:179:6:ADC_DataAligment	4	static
../Drivers/01 MCAL/04 ADC/ADC_program.c:189:6:ADC_NbrOfConversion	4	static
../Drivers/01 MCAL/04 ADC/ADC_program.c:193:6:ADC_tempSenEnable	4	static
../Drivers/01 MCAL/04 ADC/ADC_program.c:205:6:ADC_DMAenable	4	static
