../Drivers/01 MCAL/00 RCC/RCC_program.c:9:13:RCC_IntalizeHSI	4	static
../Drivers/01 MCAL/00 RCC/RCC_program.c:20:7:RCC_intalizeHSE	4	static
../Drivers/01 MCAL/00 RCC/RCC_program.c:31:13:RCC_intalizePLL	8	static
../Drivers/01 MCAL/00 RCC/RCC_program.c:136:7:RCC_voidSysClkInt	8	static
../Drivers/01 MCAL/00 RCC/RCC_program.c:159:7:RCC_voidEnablePerClk	16	static
../Drivers/01 MCAL/00 RCC/RCC_program.c:178:7:RCC_voidDisablePerClk	16	static
../Drivers/01 MCAL/00 RCC/RCC_program.c:196:8:RCC_ADC_SETprescaler	16	static
../Drivers/01 MCAL/00 RCC/RCC_program.c:214:6:RCC_voidSetAHBprescaler	4	static
../Drivers/01 MCAL/00 RCC/RCC_program.c:268:6:RCC_voidSetAPB1prescaler	4	static
../Drivers/01 MCAL/00 RCC/RCC_program.c:293:6:RCC_voidSetAPB2prescaler	4	static
../Drivers/01 MCAL/00 RCC/RCC_program.c:318:6:RCC_voidSetADCprescaler	4	static
