Archive member included to satisfy reference by file (symbol)

c:/st/stm32cubeide_1.12.1/stm32cubeide/plugins/com.st.stm32cube.ide.mcu.externaltools.gnu-tools-for-stm32.10.3-2021.10.win32_1.0.200.202301161003/tools/bin/../lib/gcc/arm-none-eabi/10.3.1/../../../../arm-none-eabi/lib/thumb/v7-m/nofp\libc_nano.a(lib_a-exit.o)
                              c:/st/stm32cubeide_1.12.1/stm32cubeide/plugins/com.st.stm32cube.ide.mcu.externaltools.gnu-tools-for-stm32.10.3-2021.10.win32_1.0.200.202301161003/tools/bin/../lib/gcc/arm-none-eabi/10.3.1/../../../../arm-none-eabi/lib/thumb/v7-m/nofp/crt0.o (exit)
c:/st/stm32cubeide_1.12.1/stm32cubeide/plugins/com.st.stm32cube.ide.mcu.externaltools.gnu-tools-for-stm32.10.3-2021.10.win32_1.0.200.202301161003/tools/bin/../lib/gcc/arm-none-eabi/10.3.1/../../../../arm-none-eabi/lib/thumb/v7-m/nofp\libc_nano.a(lib_a-impure.o)
                              c:/st/stm32cubeide_1.12.1/stm32cubeide/plugins/com.st.stm32cube.ide.mcu.externaltools.gnu-tools-for-stm32.10.3-2021.10.win32_1.0.200.202301161003/tools/bin/../lib/gcc/arm-none-eabi/10.3.1/../../../../arm-none-eabi/lib/thumb/v7-m/nofp\libc_nano.a(lib_a-exit.o) (_global_impure_ptr)
c:/st/stm32cubeide_1.12.1/stm32cubeide/plugins/com.st.stm32cube.ide.mcu.externaltools.gnu-tools-for-stm32.10.3-2021.10.win32_1.0.200.202301161003/tools/bin/../lib/gcc/arm-none-eabi/10.3.1/../../../../arm-none-eabi/lib/thumb/v7-m/nofp\libc_nano.a(lib_a-init.o)
                              c:/st/stm32cubeide_1.12.1/stm32cubeide/plugins/com.st.stm32cube.ide.mcu.externaltools.gnu-tools-for-stm32.10.3-2021.10.win32_1.0.200.202301161003/tools/bin/../lib/gcc/arm-none-eabi/10.3.1/../../../../arm-none-eabi/lib/thumb/v7-m/nofp/crt0.o (__libc_init_array)
c:/st/stm32cubeide_1.12.1/stm32cubeide/plugins/com.st.stm32cube.ide.mcu.externaltools.gnu-tools-for-stm32.10.3-2021.10.win32_1.0.200.202301161003/tools/bin/../lib/gcc/arm-none-eabi/10.3.1/../../../../arm-none-eabi/lib/thumb/v7-m/nofp\libc_nano.a(lib_a-memset.o)
                              c:/st/stm32cubeide_1.12.1/stm32cubeide/plugins/com.st.stm32cube.ide.mcu.externaltools.gnu-tools-for-stm32.10.3-2021.10.win32_1.0.200.202301161003/tools/bin/../lib/gcc/arm-none-eabi/10.3.1/../../../../arm-none-eabi/lib/thumb/v7-m/nofp/crt0.o (memset)
c:/st/stm32cubeide_1.12.1/stm32cubeide/plugins/com.st.stm32cube.ide.mcu.externaltools.gnu-tools-for-stm32.10.3-2021.10.win32_1.0.200.202301161003/tools/bin/../lib/gcc/arm-none-eabi/10.3.1/../../../../arm-none-eabi/lib/thumb/v7-m/nofp\libnosys.a(_exit.o)
                              c:/st/stm32cubeide_1.12.1/stm32cubeide/plugins/com.st.stm32cube.ide.mcu.externaltools.gnu-tools-for-stm32.10.3-2021.10.win32_1.0.200.202301161003/tools/bin/../lib/gcc/arm-none-eabi/10.3.1/../../../../arm-none-eabi/lib/thumb/v7-m/nofp\libc_nano.a(lib_a-exit.o) (_exit)

Discarded input sections

 .text          0x0000000000000000        0x0 c:/st/stm32cubeide_1.12.1/stm32cubeide/plugins/com.st.stm32cube.ide.mcu.externaltools.gnu-tools-for-stm32.10.3-2021.10.win32_1.0.200.202301161003/tools/bin/../lib/gcc/arm-none-eabi/10.3.1/thumb/v7-m/nofp/crti.o
 .data          0x0000000000000000        0x0 c:/st/stm32cubeide_1.12.1/stm32cubeide/plugins/com.st.stm32cube.ide.mcu.externaltools.gnu-tools-for-stm32.10.3-2021.10.win32_1.0.200.202301161003/tools/bin/../lib/gcc/arm-none-eabi/10.3.1/thumb/v7-m/nofp/crti.o
 .bss           0x0000000000000000        0x0 c:/st/stm32cubeide_1.12.1/stm32cubeide/plugins/com.st.stm32cube.ide.mcu.externaltools.gnu-tools-for-stm32.10.3-2021.10.win32_1.0.200.202301161003/tools/bin/../lib/gcc/arm-none-eabi/10.3.1/thumb/v7-m/nofp/crti.o
 .data          0x0000000000000000        0x4 c:/st/stm32cubeide_1.12.1/stm32cubeide/plugins/com.st.stm32cube.ide.mcu.externaltools.gnu-tools-for-stm32.10.3-2021.10.win32_1.0.200.202301161003/tools/bin/../lib/gcc/arm-none-eabi/10.3.1/thumb/v7-m/nofp/crtbegin.o
 .rodata        0x0000000000000000       0x24 c:/st/stm32cubeide_1.12.1/stm32cubeide/plugins/com.st.stm32cube.ide.mcu.externaltools.gnu-tools-for-stm32.10.3-2021.10.win32_1.0.200.202301161003/tools/bin/../lib/gcc/arm-none-eabi/10.3.1/thumb/v7-m/nofp/crtbegin.o
 .text          0x0000000000000000       0x7c c:/st/stm32cubeide_1.12.1/stm32cubeide/plugins/com.st.stm32cube.ide.mcu.externaltools.gnu-tools-for-stm32.10.3-2021.10.win32_1.0.200.202301161003/tools/bin/../lib/gcc/arm-none-eabi/10.3.1/../../../../arm-none-eabi/lib/thumb/v7-m/nofp/crt0.o
 .data          0x0000000000000000        0x0 c:/st/stm32cubeide_1.12.1/stm32cubeide/plugins/com.st.stm32cube.ide.mcu.externaltools.gnu-tools-for-stm32.10.3-2021.10.win32_1.0.200.202301161003/tools/bin/../lib/gcc/arm-none-eabi/10.3.1/../../../../arm-none-eabi/lib/thumb/v7-m/nofp/crt0.o
 .bss           0x0000000000000000        0x0 c:/st/stm32cubeide_1.12.1/stm32cubeide/plugins/com.st.stm32cube.ide.mcu.externaltools.gnu-tools-for-stm32.10.3-2021.10.win32_1.0.200.202301161003/tools/bin/../lib/gcc/arm-none-eabi/10.3.1/../../../../arm-none-eabi/lib/thumb/v7-m/nofp/crt0.o
 .ARM.extab     0x0000000000000000        0x0 c:/st/stm32cubeide_1.12.1/stm32cubeide/plugins/com.st.stm32cube.ide.mcu.externaltools.gnu-tools-for-stm32.10.3-2021.10.win32_1.0.200.202301161003/tools/bin/../lib/gcc/arm-none-eabi/10.3.1/../../../../arm-none-eabi/lib/thumb/v7-m/nofp/crt0.o
 .ARM.exidx     0x0000000000000000       0x10 c:/st/stm32cubeide_1.12.1/stm32cubeide/plugins/com.st.stm32cube.ide.mcu.externaltools.gnu-tools-for-stm32.10.3-2021.10.win32_1.0.200.202301161003/tools/bin/../lib/gcc/arm-none-eabi/10.3.1/../../../../arm-none-eabi/lib/thumb/v7-m/nofp/crt0.o
 .ARM.attributes
                0x0000000000000000       0x1b c:/st/stm32cubeide_1.12.1/stm32cubeide/plugins/com.st.stm32cube.ide.mcu.externaltools.gnu-tools-for-stm32.10.3-2021.10.win32_1.0.200.202301161003/tools/bin/../lib/gcc/arm-none-eabi/10.3.1/../../../../arm-none-eabi/lib/thumb/v7-m/nofp/crt0.o
 .group         0x0000000000000000        0xc ./Drivers/00 LIB/Common_function.o
 .group         0x0000000000000000        0xc ./Drivers/00 LIB/Common_function.o
 .text          0x0000000000000000        0x0 ./Drivers/00 LIB/Common_function.o
 .data          0x0000000000000000        0x0 ./Drivers/00 LIB/Common_function.o
 .bss           0x0000000000000000        0x0 ./Drivers/00 LIB/Common_function.o
 .group         0x0000000000000000        0xc ./Drivers/01 MCAL/00 RCC/RCC_program.o
 .group         0x0000000000000000        0xc ./Drivers/01 MCAL/00 RCC/RCC_program.o
 .group         0x0000000000000000        0xc ./Drivers/01 MCAL/00 RCC/RCC_program.o
 .group         0x0000000000000000        0xc ./Drivers/01 MCAL/00 RCC/RCC_program.o
 .group         0x0000000000000000        0xc ./Drivers/01 MCAL/00 RCC/RCC_program.o
 .text          0x0000000000000000        0x0 ./Drivers/01 MCAL/00 RCC/RCC_program.o
 .data          0x0000000000000000        0x0 ./Drivers/01 MCAL/00 RCC/RCC_program.o
 .bss           0x0000000000000000        0x0 ./Drivers/01 MCAL/00 RCC/RCC_program.o
 .text.RCC_intalizeHSE
                0x0000000000000000       0x78 ./Drivers/01 MCAL/00 RCC/RCC_program.o
 .text.RCC_intalizePLL
                0x0000000000000000       0xa8 ./Drivers/01 MCAL/00 RCC/RCC_program.o
 .text.RCC_voidDisablePerClk
                0x0000000000000000       0x88 ./Drivers/01 MCAL/00 RCC/RCC_program.o
 .text.RCC_ADC_SETprescaler
                0x0000000000000000       0x98 ./Drivers/01 MCAL/00 RCC/RCC_program.o
 .debug_macro   0x0000000000000000      0xa72 ./Drivers/01 MCAL/00 RCC/RCC_program.o
 .debug_macro   0x0000000000000000       0x22 ./Drivers/01 MCAL/00 RCC/RCC_program.o
 .group         0x0000000000000000        0xc ./Drivers/01 MCAL/01 GPIO/DIO_program.o
 .group         0x0000000000000000        0xc ./Drivers/01 MCAL/01 GPIO/DIO_program.o
 .group         0x0000000000000000        0xc ./Drivers/01 MCAL/01 GPIO/DIO_program.o
 .group         0x0000000000000000        0xc ./Drivers/01 MCAL/01 GPIO/DIO_program.o
 .text          0x0000000000000000        0x0 ./Drivers/01 MCAL/01 GPIO/DIO_program.o
 .data          0x0000000000000000        0x0 ./Drivers/01 MCAL/01 GPIO/DIO_program.o
 .bss           0x0000000000000000        0x0 ./Drivers/01 MCAL/01 GPIO/DIO_program.o
 .text.DIO_voidtogglepin
                0x0000000000000000       0x8c ./Drivers/01 MCAL/01 GPIO/DIO_program.o
 .text.DIO_u8GetPinValue
                0x0000000000000000       0x88 ./Drivers/01 MCAL/01 GPIO/DIO_program.o
 .text.DIO_voidWriteValue
                0x0000000000000000       0x64 ./Drivers/01 MCAL/01 GPIO/DIO_program.o
 .debug_macro   0x0000000000000000      0xa72 ./Drivers/01 MCAL/01 GPIO/DIO_program.o
 .debug_macro   0x0000000000000000       0x22 ./Drivers/01 MCAL/01 GPIO/DIO_program.o
 .group         0x0000000000000000        0xc ./Drivers/01 MCAL/02 NVIC/NVIC_program.o
 .group         0x0000000000000000        0xc ./Drivers/01 MCAL/02 NVIC/NVIC_program.o
 .group         0x0000000000000000        0xc ./Drivers/01 MCAL/02 NVIC/NVIC_program.o
 .group         0x0000000000000000        0xc ./Drivers/01 MCAL/02 NVIC/NVIC_program.o
 .text          0x0000000000000000        0x0 ./Drivers/01 MCAL/02 NVIC/NVIC_program.o
 .data          0x0000000000000000        0x0 ./Drivers/01 MCAL/02 NVIC/NVIC_program.o
 .bss           0x0000000000000000        0x0 ./Drivers/01 MCAL/02 NVIC/NVIC_program.o
 .text.NVIC_voidInit
                0x0000000000000000       0x1c ./Drivers/01 MCAL/02 NVIC/NVIC_program.o
 .text.NVIC_voidEnablePerInt
                0x0000000000000000       0x44 ./Drivers/01 MCAL/02 NVIC/NVIC_program.o
 .text.NVIC_voidDisablePerInt
                0x0000000000000000       0x44 ./Drivers/01 MCAL/02 NVIC/NVIC_program.o
 .text.NVIC_voidSetPendingFlag
                0x0000000000000000       0x44 ./Drivers/01 MCAL/02 NVIC/NVIC_program.o
 .text.NVIC_voidClrPendingFlag
                0x0000000000000000       0x44 ./Drivers/01 MCAL/02 NVIC/NVIC_program.o
 .text.NVIC_u8ReadActiveFlag
                0x0000000000000000       0x5c ./Drivers/01 MCAL/02 NVIC/NVIC_program.o
 .text.NVIC_voidSetSwIntPriority
                0x0000000000000000       0x32 ./Drivers/01 MCAL/02 NVIC/NVIC_program.o
 .debug_info    0x0000000000000000      0x19f ./Drivers/01 MCAL/02 NVIC/NVIC_program.o
 .debug_abbrev  0x0000000000000000       0xb0 ./Drivers/01 MCAL/02 NVIC/NVIC_program.o
 .debug_aranges
                0x0000000000000000       0x50 ./Drivers/01 MCAL/02 NVIC/NVIC_program.o
 .debug_ranges  0x0000000000000000       0x40 ./Drivers/01 MCAL/02 NVIC/NVIC_program.o
 .debug_macro   0x0000000000000000       0x4c ./Drivers/01 MCAL/02 NVIC/NVIC_program.o
 .debug_macro   0x0000000000000000      0xa72 ./Drivers/01 MCAL/02 NVIC/NVIC_program.o
 .debug_macro   0x0000000000000000       0x22 ./Drivers/01 MCAL/02 NVIC/NVIC_program.o
 .debug_macro   0x0000000000000000       0x70 ./Drivers/01 MCAL/02 NVIC/NVIC_program.o
 .debug_macro   0x0000000000000000       0x10 ./Drivers/01 MCAL/02 NVIC/NVIC_program.o
 .debug_line    0x0000000000000000      0x1f3 ./Drivers/01 MCAL/02 NVIC/NVIC_program.o
 .debug_str     0x0000000000000000     0x318f ./Drivers/01 MCAL/02 NVIC/NVIC_program.o
 .comment       0x0000000000000000       0x51 ./Drivers/01 MCAL/02 NVIC/NVIC_program.o
 .debug_frame   0x0000000000000000      0x120 ./Drivers/01 MCAL/02 NVIC/NVIC_program.o
 .ARM.attributes
                0x0000000000000000       0x2d ./Drivers/01 MCAL/02 NVIC/NVIC_program.o
 .group         0x0000000000000000        0xc ./Drivers/01 MCAL/03 EXTI/EXTI_program.o
 .group         0x0000000000000000        0xc ./Drivers/01 MCAL/03 EXTI/EXTI_program.o
 .group         0x0000000000000000        0xc ./Drivers/01 MCAL/03 EXTI/EXTI_program.o
 .group         0x0000000000000000        0xc ./Drivers/01 MCAL/03 EXTI/EXTI_program.o
 .group         0x0000000000000000        0xc ./Drivers/01 MCAL/03 EXTI/EXTI_program.o
 .text          0x0000000000000000        0x0 ./Drivers/01 MCAL/03 EXTI/EXTI_program.o
 .data          0x0000000000000000        0x0 ./Drivers/01 MCAL/03 EXTI/EXTI_program.o
 .bss           0x0000000000000000        0x0 ./Drivers/01 MCAL/03 EXTI/EXTI_program.o
 .bss.EXTI0_CallBack
                0x0000000000000000        0x4 ./Drivers/01 MCAL/03 EXTI/EXTI_program.o
 .text.EXTI0_voidInit
                0x0000000000000000       0x54 ./Drivers/01 MCAL/03 EXTI/EXTI_program.o
 .text.EXTI_voidInit
                0x0000000000000000      0x7a4 ./Drivers/01 MCAL/03 EXTI/EXTI_program.o
 .text.EXTI_voidEnableInt
                0x0000000000000000       0x2c ./Drivers/01 MCAL/03 EXTI/EXTI_program.o
 .text.EXTI_voidDisableInt
                0x0000000000000000       0x30 ./Drivers/01 MCAL/03 EXTI/EXTI_program.o
 .text.EXTI_voidEnableSWI
                0x0000000000000000       0x2c ./Drivers/01 MCAL/03 EXTI/EXTI_program.o
 .text.EXTI_voidChangeSenseMode
                0x0000000000000000       0xc8 ./Drivers/01 MCAL/03 EXTI/EXTI_program.o
 .text.EXTI_voidSetCallBack
                0x0000000000000000       0x2c ./Drivers/01 MCAL/03 EXTI/EXTI_program.o
 .text.EXTI5_IRQHandler
                0x0000000000000000       0x2c ./Drivers/01 MCAL/03 EXTI/EXTI_program.o
 .text.EXTI6_IRQHandler
                0x0000000000000000       0x2c ./Drivers/01 MCAL/03 EXTI/EXTI_program.o
 .text.EXTI7_IRQHandler
                0x0000000000000000       0x2c ./Drivers/01 MCAL/03 EXTI/EXTI_program.o
 .text.EXTI8_IRQHandler
                0x0000000000000000       0x2c ./Drivers/01 MCAL/03 EXTI/EXTI_program.o
 .text.EXTI9_IRQHandler
                0x0000000000000000       0x2c ./Drivers/01 MCAL/03 EXTI/EXTI_program.o
 .text.EXTI10_IRQHandler
                0x0000000000000000       0x2c ./Drivers/01 MCAL/03 EXTI/EXTI_program.o
 .text.EXTI11_IRQHandler
                0x0000000000000000       0x2c ./Drivers/01 MCAL/03 EXTI/EXTI_program.o
 .text.EXTI12_IRQHandler
                0x0000000000000000       0x2c ./Drivers/01 MCAL/03 EXTI/EXTI_program.o
 .text.EXTI13_IRQHandler
                0x0000000000000000       0x2c ./Drivers/01 MCAL/03 EXTI/EXTI_program.o
 .text.EXTI14_IRQHandler
                0x0000000000000000       0x2c ./Drivers/01 MCAL/03 EXTI/EXTI_program.o
 .text.EXTI15_IRQHandler
                0x0000000000000000       0x2c ./Drivers/01 MCAL/03 EXTI/EXTI_program.o
 .text.EXTI16_IRQHandler
                0x0000000000000000       0x2c ./Drivers/01 MCAL/03 EXTI/EXTI_program.o
 .debug_macro   0x0000000000000000      0xa72 ./Drivers/01 MCAL/03 EXTI/EXTI_program.o
 .debug_macro   0x0000000000000000       0x22 ./Drivers/01 MCAL/03 EXTI/EXTI_program.o
 .debug_macro   0x0000000000000000       0x9a ./Drivers/01 MCAL/03 EXTI/EXTI_program.o
 .debug_macro   0x0000000000000000       0xdc ./Drivers/01 MCAL/03 EXTI/EXTI_program.o
 .group         0x0000000000000000        0xc ./Drivers/01 MCAL/04 ADC/ADC_program.o
 .group         0x0000000000000000        0xc ./Drivers/01 MCAL/04 ADC/ADC_program.o
 .group         0x0000000000000000        0xc ./Drivers/01 MCAL/04 ADC/ADC_program.o
 .group         0x0000000000000000        0xc ./Drivers/01 MCAL/04 ADC/ADC_program.o
 .text          0x0000000000000000        0x0 ./Drivers/01 MCAL/04 ADC/ADC_program.o
 .data          0x0000000000000000        0x0 ./Drivers/01 MCAL/04 ADC/ADC_program.o
 .bss           0x0000000000000000        0x0 ./Drivers/01 MCAL/04 ADC/ADC_program.o
 .text.ADC_voidInit
                0x0000000000000000       0x24 ./Drivers/01 MCAL/04 ADC/ADC_program.o
 .text.ADC_voidEnable
                0x0000000000000000       0x34 ./Drivers/01 MCAL/04 ADC/ADC_program.o
 .text.ADC_Start
                0x0000000000000000       0x64 ./Drivers/01 MCAL/04 ADC/ADC_program.o
 .text.ADC_channelSetup
                0x0000000000000000      0x31c ./Drivers/01 MCAL/04 ADC/ADC_program.o
 .text.ADC_getStatusflag
                0x0000000000000000       0x54 ./Drivers/01 MCAL/04 ADC/ADC_program.o
 .text.AD_clearStatusflag
                0x0000000000000000       0x7c ./Drivers/01 MCAL/04 ADC/ADC_program.o
 .text.ADC_ScanConvMode
                0x0000000000000000       0x1c ./Drivers/01 MCAL/04 ADC/ADC_program.o
 .text.ADC_singOrcontainusConvMode
                0x0000000000000000       0x1c ./Drivers/01 MCAL/04 ADC/ADC_program.o
 .text.ADC_ExternalTrigConv
                0x0000000000000000       0x1c ./Drivers/01 MCAL/04 ADC/ADC_program.o
 .text.ADC_DataAligment
                0x0000000000000000       0x1c ./Drivers/01 MCAL/04 ADC/ADC_program.o
 .text.ADC_NbrOfConversion
                0x0000000000000000       0x18 ./Drivers/01 MCAL/04 ADC/ADC_program.o
 .text.ADC_tempSenEnable
                0x0000000000000000       0x1c ./Drivers/01 MCAL/04 ADC/ADC_program.o
 .text.ADC_DMAenable
                0x0000000000000000       0x1c ./Drivers/01 MCAL/04 ADC/ADC_program.o
 .debug_info    0x0000000000000000      0x49e ./Drivers/01 MCAL/04 ADC/ADC_program.o
 .debug_abbrev  0x0000000000000000      0x113 ./Drivers/01 MCAL/04 ADC/ADC_program.o
 .debug_aranges
                0x0000000000000000       0x80 ./Drivers/01 MCAL/04 ADC/ADC_program.o
 .debug_ranges  0x0000000000000000       0x70 ./Drivers/01 MCAL/04 ADC/ADC_program.o
 .debug_macro   0x0000000000000000       0x40 ./Drivers/01 MCAL/04 ADC/ADC_program.o
 .debug_macro   0x0000000000000000      0xa72 ./Drivers/01 MCAL/04 ADC/ADC_program.o
 .debug_macro   0x0000000000000000       0x22 ./Drivers/01 MCAL/04 ADC/ADC_program.o
 .debug_macro   0x0000000000000000       0x34 ./Drivers/01 MCAL/04 ADC/ADC_program.o
 .debug_macro   0x0000000000000000       0x10 ./Drivers/01 MCAL/04 ADC/ADC_program.o
 .debug_line    0x0000000000000000      0x45c ./Drivers/01 MCAL/04 ADC/ADC_program.o
 .debug_str     0x0000000000000000     0x3242 ./Drivers/01 MCAL/04 ADC/ADC_program.o
 .comment       0x0000000000000000       0x51 ./Drivers/01 MCAL/04 ADC/ADC_program.o
 .debug_frame   0x0000000000000000      0x1cc ./Drivers/01 MCAL/04 ADC/ADC_program.o
 .ARM.attributes
                0x0000000000000000       0x2d ./Drivers/01 MCAL/04 ADC/ADC_program.o
 .group         0x0000000000000000        0xc ./Drivers/01 MCAL/04 STK/STK_program.o
 .group         0x0000000000000000        0xc ./Drivers/01 MCAL/04 STK/STK_program.o
 .group         0x0000000000000000        0xc ./Drivers/01 MCAL/04 STK/STK_program.o
 .group         0x0000000000000000        0xc ./Drivers/01 MCAL/04 STK/STK_program.o
 .text          0x0000000000000000        0x0 ./Drivers/01 MCAL/04 STK/STK_program.o
 .data          0x0000000000000000        0x0 ./Drivers/01 MCAL/04 STK/STK_program.o
 .bss           0x0000000000000000        0x0 ./Drivers/01 MCAL/04 STK/STK_program.o
 .bss.STK_CallBack
                0x0000000000000000        0x4 ./Drivers/01 MCAL/04 STK/STK_program.o
 .bss.STK_u8ModeOfInterval
                0x0000000000000000        0x1 ./Drivers/01 MCAL/04 STK/STK_program.o
 .text.STK_voidInit
                0x0000000000000000       0x18 ./Drivers/01 MCAL/04 STK/STK_program.o
 .text.STK_voidSetIntervalSingle
                0x0000000000000000       0x4c ./Drivers/01 MCAL/04 STK/STK_program.o
 .text.STK_voidSetIntervalPeriodic
                0x0000000000000000       0x4c ./Drivers/01 MCAL/04 STK/STK_program.o
 .text.STK_voidStopInterval
                0x0000000000000000       0x34 ./Drivers/01 MCAL/04 STK/STK_program.o
 .text.STK_u32GetElapsedTime
                0x0000000000000000       0x24 ./Drivers/01 MCAL/04 STK/STK_program.o
 .text.STK_u32GetRemainingTime
                0x0000000000000000       0x1c ./Drivers/01 MCAL/04 STK/STK_program.o
 .debug_macro   0x0000000000000000      0xa72 ./Drivers/01 MCAL/04 STK/STK_program.o
 .debug_macro   0x0000000000000000       0x22 ./Drivers/01 MCAL/04 STK/STK_program.o
 .group         0x0000000000000000        0xc ./Drivers/01 MCAL/07 USART/USART_program.o
 .group         0x0000000000000000        0xc ./Drivers/01 MCAL/07 USART/USART_program.o
 .group         0x0000000000000000        0xc ./Drivers/01 MCAL/07 USART/USART_program.o
 .group         0x0000000000000000        0xc ./Drivers/01 MCAL/07 USART/USART_program.o
 .text          0x0000000000000000        0x0 ./Drivers/01 MCAL/07 USART/USART_program.o
 .data          0x0000000000000000        0x0 ./Drivers/01 MCAL/07 USART/USART_program.o
 .bss           0x0000000000000000        0x0 ./Drivers/01 MCAL/07 USART/USART_program.o
 .text.UART_init
                0x0000000000000000       0x44 ./Drivers/01 MCAL/07 USART/USART_program.o
 .text.UART_enableTX
                0x0000000000000000       0x1c ./Drivers/01 MCAL/07 USART/USART_program.o
 .text.UART_enableRX
                0x0000000000000000       0x1c ./Drivers/01 MCAL/07 USART/USART_program.o
 .text.UART_TXdata
                0x0000000000000000       0x40 ./Drivers/01 MCAL/07 USART/USART_program.o
 .text.UART_RXdata
                0x0000000000000000       0x34 ./Drivers/01 MCAL/07 USART/USART_program.o
 .text.UART1_voidSendString
                0x0000000000000000       0x38 ./Drivers/01 MCAL/07 USART/USART_program.o
 .text.UART1_StrReceiveString
                0x0000000000000000       0x38 ./Drivers/01 MCAL/07 USART/USART_program.o
 .bss.data.0    0x0000000000000000       0x1e ./Drivers/01 MCAL/07 USART/USART_program.o
 .debug_info    0x0000000000000000      0x214 ./Drivers/01 MCAL/07 USART/USART_program.o
 .debug_abbrev  0x0000000000000000      0x15f ./Drivers/01 MCAL/07 USART/USART_program.o
 .debug_aranges
                0x0000000000000000       0x50 ./Drivers/01 MCAL/07 USART/USART_program.o
 .debug_ranges  0x0000000000000000       0x40 ./Drivers/01 MCAL/07 USART/USART_program.o
 .debug_macro   0x0000000000000000       0x40 ./Drivers/01 MCAL/07 USART/USART_program.o
 .debug_macro   0x0000000000000000      0xa72 ./Drivers/01 MCAL/07 USART/USART_program.o
 .debug_macro   0x0000000000000000       0x22 ./Drivers/01 MCAL/07 USART/USART_program.o
 .debug_macro   0x0000000000000000       0x28 ./Drivers/01 MCAL/07 USART/USART_program.o
 .debug_macro   0x0000000000000000      0x160 ./Drivers/01 MCAL/07 USART/USART_program.o
 .debug_line    0x0000000000000000      0x1d0 ./Drivers/01 MCAL/07 USART/USART_program.o
 .debug_str     0x0000000000000000     0x3100 ./Drivers/01 MCAL/07 USART/USART_program.o
 .comment       0x0000000000000000       0x51 ./Drivers/01 MCAL/07 USART/USART_program.o
 .debug_frame   0x0000000000000000      0x108 ./Drivers/01 MCAL/07 USART/USART_program.o
 .ARM.attributes
                0x0000000000000000       0x2d ./Drivers/01 MCAL/07 USART/USART_program.o
 .group         0x0000000000000000        0xc ./Drivers/01 MCAL/08 SPI/SPI_program.o
 .group         0x0000000000000000        0xc ./Drivers/01 MCAL/08 SPI/SPI_program.o
 .group         0x0000000000000000        0xc ./Drivers/01 MCAL/08 SPI/SPI_program.o
 .group         0x0000000000000000        0xc ./Drivers/01 MCAL/08 SPI/SPI_program.o
 .text          0x0000000000000000        0x0 ./Drivers/01 MCAL/08 SPI/SPI_program.o
 .data          0x0000000000000000        0x0 ./Drivers/01 MCAL/08 SPI/SPI_program.o
 .bss           0x0000000000000000        0x0 ./Drivers/01 MCAL/08 SPI/SPI_program.o
 .text.SPI_voidSend
                0x0000000000000000       0x30 ./Drivers/01 MCAL/08 SPI/SPI_program.o
 .debug_macro   0x0000000000000000      0xa72 ./Drivers/01 MCAL/08 SPI/SPI_program.o
 .debug_macro   0x0000000000000000       0x22 ./Drivers/01 MCAL/08 SPI/SPI_program.o
 .group         0x0000000000000000        0xc ./Drivers/01 MCAL/09 I2C/I2C_program.o
 .group         0x0000000000000000        0xc ./Drivers/01 MCAL/09 I2C/I2C_program.o
 .group         0x0000000000000000        0xc ./Drivers/01 MCAL/09 I2C/I2C_program.o
 .group         0x0000000000000000        0xc ./Drivers/01 MCAL/09 I2C/I2C_program.o
 .text          0x0000000000000000        0x0 ./Drivers/01 MCAL/09 I2C/I2C_program.o
 .data          0x0000000000000000        0x0 ./Drivers/01 MCAL/09 I2C/I2C_program.o
 .bss           0x0000000000000000        0x0 ./Drivers/01 MCAL/09 I2C/I2C_program.o
 .text.Reset    0x0000000000000000       0x28 ./Drivers/01 MCAL/09 I2C/I2C_program.o
 .text.I2C1_voidMasterInit
                0x0000000000000000       0x40 ./Drivers/01 MCAL/09 I2C/I2C_program.o
 .text.I2C1_voidStart
                0x0000000000000000       0x38 ./Drivers/01 MCAL/09 I2C/I2C_program.o
 .text.I2C1_voidSendAddress
                0x0000000000000000       0x30 ./Drivers/01 MCAL/09 I2C/I2C_program.o
 .text.I2C1_voidSendData
                0x0000000000000000       0x40 ./Drivers/01 MCAL/09 I2C/I2C_program.o
 .text.I2C1_voidRecieveData
                0x0000000000000000       0x28 ./Drivers/01 MCAL/09 I2C/I2C_program.o
 .text.I2C1_voidStop
                0x0000000000000000       0x1c ./Drivers/01 MCAL/09 I2C/I2C_program.o
 .debug_info    0x0000000000000000      0x1bb ./Drivers/01 MCAL/09 I2C/I2C_program.o
 .debug_abbrev  0x0000000000000000      0x111 ./Drivers/01 MCAL/09 I2C/I2C_program.o
 .debug_aranges
                0x0000000000000000       0x50 ./Drivers/01 MCAL/09 I2C/I2C_program.o
 .debug_ranges  0x0000000000000000       0x40 ./Drivers/01 MCAL/09 I2C/I2C_program.o
 .debug_macro   0x0000000000000000       0x40 ./Drivers/01 MCAL/09 I2C/I2C_program.o
 .debug_macro   0x0000000000000000      0xa72 ./Drivers/01 MCAL/09 I2C/I2C_program.o
 .debug_macro   0x0000000000000000       0x22 ./Drivers/01 MCAL/09 I2C/I2C_program.o
 .debug_macro   0x0000000000000000       0x10 ./Drivers/01 MCAL/09 I2C/I2C_program.o
 .debug_macro   0x0000000000000000      0x13c ./Drivers/01 MCAL/09 I2C/I2C_program.o
 .debug_line    0x0000000000000000      0x1c2 ./Drivers/01 MCAL/09 I2C/I2C_program.o
 .debug_str     0x0000000000000000     0x311a ./Drivers/01 MCAL/09 I2C/I2C_program.o
 .comment       0x0000000000000000       0x51 ./Drivers/01 MCAL/09 I2C/I2C_program.o
 .debug_frame   0x0000000000000000       0xfc ./Drivers/01 MCAL/09 I2C/I2C_program.o
 .ARM.attributes
                0x0000000000000000       0x2d ./Drivers/01 MCAL/09 I2C/I2C_program.o
 .group         0x0000000000000000        0xc ./Drivers/02 ECU/00 LED/LED_progrming.o
 .group         0x0000000000000000        0xc ./Drivers/02 ECU/00 LED/LED_progrming.o
 .group         0x0000000000000000        0xc ./Drivers/02 ECU/00 LED/LED_progrming.o
 .group         0x0000000000000000        0xc ./Drivers/02 ECU/00 LED/LED_progrming.o
 .group         0x0000000000000000        0xc ./Drivers/02 ECU/00 LED/LED_progrming.o
 .group         0x0000000000000000        0xc ./Drivers/02 ECU/00 LED/LED_progrming.o
 .text          0x0000000000000000        0x0 ./Drivers/02 ECU/00 LED/LED_progrming.o
 .data          0x0000000000000000        0x0 ./Drivers/02 ECU/00 LED/LED_progrming.o
 .bss           0x0000000000000000        0x0 ./Drivers/02 ECU/00 LED/LED_progrming.o
 .text.LED_int  0x0000000000000000       0x30 ./Drivers/02 ECU/00 LED/LED_progrming.o
 .text.LED_on   0x0000000000000000       0x24 ./Drivers/02 ECU/00 LED/LED_progrming.o
 .text.LED_off  0x0000000000000000       0x24 ./Drivers/02 ECU/00 LED/LED_progrming.o
 .text.LED_toogle
                0x0000000000000000       0x24 ./Drivers/02 ECU/00 LED/LED_progrming.o
 .debug_info    0x0000000000000000      0x19a ./Drivers/02 ECU/00 LED/LED_progrming.o
 .debug_abbrev  0x0000000000000000       0x9f ./Drivers/02 ECU/00 LED/LED_progrming.o
 .debug_aranges
                0x0000000000000000       0x38 ./Drivers/02 ECU/00 LED/LED_progrming.o
 .debug_ranges  0x0000000000000000       0x28 ./Drivers/02 ECU/00 LED/LED_progrming.o
 .debug_macro   0x0000000000000000       0x80 ./Drivers/02 ECU/00 LED/LED_progrming.o
 .debug_macro   0x0000000000000000      0xa72 ./Drivers/02 ECU/00 LED/LED_progrming.o
 .debug_macro   0x0000000000000000       0x22 ./Drivers/02 ECU/00 LED/LED_progrming.o
 .debug_macro   0x0000000000000000       0x9a ./Drivers/02 ECU/00 LED/LED_progrming.o
 .debug_macro   0x0000000000000000       0xdc ./Drivers/02 ECU/00 LED/LED_progrming.o
 .debug_macro   0x0000000000000000       0x1c ./Drivers/02 ECU/00 LED/LED_progrming.o
 .debug_macro   0x0000000000000000       0x16 ./Drivers/02 ECU/00 LED/LED_progrming.o
 .debug_line    0x0000000000000000      0x239 ./Drivers/02 ECU/00 LED/LED_progrming.o
 .debug_str     0x0000000000000000     0x3530 ./Drivers/02 ECU/00 LED/LED_progrming.o
 .comment       0x0000000000000000       0x51 ./Drivers/02 ECU/00 LED/LED_progrming.o
 .debug_frame   0x0000000000000000       0xa0 ./Drivers/02 ECU/00 LED/LED_progrming.o
 .ARM.attributes
                0x0000000000000000       0x2d ./Drivers/02 ECU/00 LED/LED_progrming.o
 .group         0x0000000000000000        0xc ./Drivers/02 ECU/01 Button/button_program.o
 .group         0x0000000000000000        0xc ./Drivers/02 ECU/01 Button/button_program.o
 .group         0x0000000000000000        0xc ./Drivers/02 ECU/01 Button/button_program.o
 .group         0x0000000000000000        0xc ./Drivers/02 ECU/01 Button/button_program.o
 .group         0x0000000000000000        0xc ./Drivers/02 ECU/01 Button/button_program.o
 .group         0x0000000000000000        0xc ./Drivers/02 ECU/01 Button/button_program.o
 .text          0x0000000000000000        0x0 ./Drivers/02 ECU/01 Button/button_program.o
 .data          0x0000000000000000        0x0 ./Drivers/02 ECU/01 Button/button_program.o
 .bss           0x0000000000000000        0x0 ./Drivers/02 ECU/01 Button/button_program.o
 .text.BUTTON_init
                0x0000000000000000       0x4e ./Drivers/02 ECU/01 Button/button_program.o
 .text.BUTTON_read
                0x0000000000000000       0x2c ./Drivers/02 ECU/01 Button/button_program.o
 .debug_info    0x0000000000000000      0x17f ./Drivers/02 ECU/01 Button/button_program.o
 .debug_abbrev  0x0000000000000000       0xea ./Drivers/02 ECU/01 Button/button_program.o
 .debug_aranges
                0x0000000000000000       0x28 ./Drivers/02 ECU/01 Button/button_program.o
 .debug_ranges  0x0000000000000000       0x18 ./Drivers/02 ECU/01 Button/button_program.o
 .debug_macro   0x0000000000000000       0x80 ./Drivers/02 ECU/01 Button/button_program.o
 .debug_macro   0x0000000000000000      0xa72 ./Drivers/02 ECU/01 Button/button_program.o
 .debug_macro   0x0000000000000000       0x22 ./Drivers/02 ECU/01 Button/button_program.o
 .debug_macro   0x0000000000000000       0x9a ./Drivers/02 ECU/01 Button/button_program.o
 .debug_macro   0x0000000000000000       0xdc ./Drivers/02 ECU/01 Button/button_program.o
 .debug_macro   0x0000000000000000       0x1c ./Drivers/02 ECU/01 Button/button_program.o
 .debug_macro   0x0000000000000000       0x16 ./Drivers/02 ECU/01 Button/button_program.o
 .debug_line    0x0000000000000000      0x228 ./Drivers/02 ECU/01 Button/button_program.o
 .debug_str     0x0000000000000000     0x356f ./Drivers/02 ECU/01 Button/button_program.o
 .comment       0x0000000000000000       0x51 ./Drivers/02 ECU/01 Button/button_program.o
 .debug_frame   0x0000000000000000       0x58 ./Drivers/02 ECU/01 Button/button_program.o
 .ARM.attributes
                0x0000000000000000       0x2d ./Drivers/02 ECU/01 Button/button_program.o
 .group         0x0000000000000000        0xc ./Drivers/02 ECU/02 LCD/LCD_program.o
 .group         0x0000000000000000        0xc ./Drivers/02 ECU/02 LCD/LCD_program.o
 .group         0x0000000000000000        0xc ./Drivers/02 ECU/02 LCD/LCD_program.o
 .group         0x0000000000000000        0xc ./Drivers/02 ECU/02 LCD/LCD_program.o
 .group         0x0000000000000000        0xc ./Drivers/02 ECU/02 LCD/LCD_program.o
 .group         0x0000000000000000        0xc ./Drivers/02 ECU/02 LCD/LCD_program.o
 .group         0x0000000000000000        0xc ./Drivers/02 ECU/02 LCD/LCD_program.o
 .text          0x0000000000000000        0x0 ./Drivers/02 ECU/02 LCD/LCD_program.o
 .data          0x0000000000000000        0x0 ./Drivers/02 ECU/02 LCD/LCD_program.o
 .bss           0x0000000000000000        0x0 ./Drivers/02 ECU/02 LCD/LCD_program.o
 .text.LCD_4_bit_courserposition
                0x0000000000000000       0x4c ./Drivers/02 ECU/02 LCD/LCD_program.o
 .debug_macro   0x0000000000000000      0xa72 ./Drivers/02 ECU/02 LCD/LCD_program.o
 .debug_macro   0x0000000000000000       0x22 ./Drivers/02 ECU/02 LCD/LCD_program.o
 .debug_macro   0x0000000000000000       0x9a ./Drivers/02 ECU/02 LCD/LCD_program.o
 .debug_macro   0x0000000000000000       0xdc ./Drivers/02 ECU/02 LCD/LCD_program.o
 .debug_macro   0x0000000000000000       0x1c ./Drivers/02 ECU/02 LCD/LCD_program.o
 .group         0x0000000000000000        0xc ./Drivers/02 ECU/03 Buzzer/Buzzer_progrming.o
 .group         0x0000000000000000        0xc ./Drivers/02 ECU/03 Buzzer/Buzzer_progrming.o
 .group         0x0000000000000000        0xc ./Drivers/02 ECU/03 Buzzer/Buzzer_progrming.o
 .group         0x0000000000000000        0xc ./Drivers/02 ECU/03 Buzzer/Buzzer_progrming.o
 .group         0x0000000000000000        0xc ./Drivers/02 ECU/03 Buzzer/Buzzer_progrming.o
 .text          0x0000000000000000        0x0 ./Drivers/02 ECU/03 Buzzer/Buzzer_progrming.o
 .data          0x0000000000000000        0x0 ./Drivers/02 ECU/03 Buzzer/Buzzer_progrming.o
 .bss           0x0000000000000000        0x0 ./Drivers/02 ECU/03 Buzzer/Buzzer_progrming.o
 .text.Buzzer_int
                0x0000000000000000       0x30 ./Drivers/02 ECU/03 Buzzer/Buzzer_progrming.o
 .text.Buzzer_on
                0x0000000000000000       0x24 ./Drivers/02 ECU/03 Buzzer/Buzzer_progrming.o
 .text.Buzzer_off
                0x0000000000000000       0x24 ./Drivers/02 ECU/03 Buzzer/Buzzer_progrming.o
 .text.Buzzer_toogle
                0x0000000000000000       0x24 ./Drivers/02 ECU/03 Buzzer/Buzzer_progrming.o
 .debug_info    0x0000000000000000      0x19a ./Drivers/02 ECU/03 Buzzer/Buzzer_progrming.o
 .debug_abbrev  0x0000000000000000       0x9f ./Drivers/02 ECU/03 Buzzer/Buzzer_progrming.o
 .debug_aranges
                0x0000000000000000       0x38 ./Drivers/02 ECU/03 Buzzer/Buzzer_progrming.o
 .debug_ranges  0x0000000000000000       0x28 ./Drivers/02 ECU/03 Buzzer/Buzzer_progrming.o
 .debug_macro   0x0000000000000000       0x59 ./Drivers/02 ECU/03 Buzzer/Buzzer_progrming.o
 .debug_macro   0x0000000000000000      0xa72 ./Drivers/02 ECU/03 Buzzer/Buzzer_progrming.o
 .debug_macro   0x0000000000000000       0x22 ./Drivers/02 ECU/03 Buzzer/Buzzer_progrming.o
 .debug_macro   0x0000000000000000       0x9a ./Drivers/02 ECU/03 Buzzer/Buzzer_progrming.o
 .debug_macro   0x0000000000000000       0xdc ./Drivers/02 ECU/03 Buzzer/Buzzer_progrming.o
 .debug_macro   0x0000000000000000       0x1c ./Drivers/02 ECU/03 Buzzer/Buzzer_progrming.o
 .debug_line    0x0000000000000000      0x1a2 ./Drivers/02 ECU/03 Buzzer/Buzzer_progrming.o
 .debug_str     0x0000000000000000     0x34ce ./Drivers/02 ECU/03 Buzzer/Buzzer_progrming.o
 .comment       0x0000000000000000       0x51 ./Drivers/02 ECU/03 Buzzer/Buzzer_progrming.o
 .debug_frame   0x0000000000000000       0xa0 ./Drivers/02 ECU/03 Buzzer/Buzzer_progrming.o
 .ARM.attributes
                0x0000000000000000       0x2d ./Drivers/02 ECU/03 Buzzer/Buzzer_progrming.o
 .group         0x0000000000000000        0xc ./Drivers/02 ECU/BLUETOOTH/BLUETOOTH_program.o
 .group         0x0000000000000000        0xc ./Drivers/02 ECU/BLUETOOTH/BLUETOOTH_program.o
 .text          0x0000000000000000        0x0 ./Drivers/02 ECU/BLUETOOTH/BLUETOOTH_program.o
 .data          0x0000000000000000        0x0 ./Drivers/02 ECU/BLUETOOTH/BLUETOOTH_program.o
 .bss           0x0000000000000000        0x0 ./Drivers/02 ECU/BLUETOOTH/BLUETOOTH_program.o
 .text.BLUETOOTH_voidinit
                0x0000000000000000       0x14 ./Drivers/02 ECU/BLUETOOTH/BLUETOOTH_program.o
 .text.BLUETOOTH_voidSendData
                0x0000000000000000       0x1a ./Drivers/02 ECU/BLUETOOTH/BLUETOOTH_program.o
 .text.BLUETOOTH_u8RecieveData
                0x0000000000000000       0x1c ./Drivers/02 ECU/BLUETOOTH/BLUETOOTH_program.o
 .debug_info    0x0000000000000000      0x11f ./Drivers/02 ECU/BLUETOOTH/BLUETOOTH_program.o
 .debug_abbrev  0x0000000000000000       0xf6 ./Drivers/02 ECU/BLUETOOTH/BLUETOOTH_program.o
 .debug_aranges
                0x0000000000000000       0x30 ./Drivers/02 ECU/BLUETOOTH/BLUETOOTH_program.o
 .debug_ranges  0x0000000000000000       0x20 ./Drivers/02 ECU/BLUETOOTH/BLUETOOTH_program.o
 .debug_macro   0x0000000000000000       0x38 ./Drivers/02 ECU/BLUETOOTH/BLUETOOTH_program.o
 .debug_macro   0x0000000000000000      0xa72 ./Drivers/02 ECU/BLUETOOTH/BLUETOOTH_program.o
 .debug_macro   0x0000000000000000       0x22 ./Drivers/02 ECU/BLUETOOTH/BLUETOOTH_program.o
 .debug_line    0x0000000000000000      0x13b ./Drivers/02 ECU/BLUETOOTH/BLUETOOTH_program.o
 .debug_str     0x0000000000000000     0x2e6b ./Drivers/02 ECU/BLUETOOTH/BLUETOOTH_program.o
 .comment       0x0000000000000000       0x51 ./Drivers/02 ECU/BLUETOOTH/BLUETOOTH_program.o
 .debug_frame   0x0000000000000000       0x74 ./Drivers/02 ECU/BLUETOOTH/BLUETOOTH_program.o
 .ARM.attributes
                0x0000000000000000       0x2d ./Drivers/02 ECU/BLUETOOTH/BLUETOOTH_program.o
 .group         0x0000000000000000        0xc ./Drivers/02 ECU/EEPROM/EEPROM_program.o
 .group         0x0000000000000000        0xc ./Drivers/02 ECU/EEPROM/EEPROM_program.o
 .text          0x0000000000000000        0x0 ./Drivers/02 ECU/EEPROM/EEPROM_program.o
 .data          0x0000000000000000        0x0 ./Drivers/02 ECU/EEPROM/EEPROM_program.o
 .bss           0x0000000000000000        0x0 ./Drivers/02 ECU/EEPROM/EEPROM_program.o
 .text.EEPROM_voidInit
                0x0000000000000000        0xc ./Drivers/02 ECU/EEPROM/EEPROM_program.o
 .text.EEPROM_voidWriteChar
                0x0000000000000000       0x66 ./Drivers/02 ECU/EEPROM/EEPROM_program.o
 .text.EEPROM_voidReciveChar
                0x0000000000000000       0x68 ./Drivers/02 ECU/EEPROM/EEPROM_program.o
 .debug_info    0x0000000000000000      0x161 ./Drivers/02 ECU/EEPROM/EEPROM_program.o
 .debug_abbrev  0x0000000000000000       0xf6 ./Drivers/02 ECU/EEPROM/EEPROM_program.o
 .debug_aranges
                0x0000000000000000       0x30 ./Drivers/02 ECU/EEPROM/EEPROM_program.o
 .debug_ranges  0x0000000000000000       0x20 ./Drivers/02 ECU/EEPROM/EEPROM_program.o
 .debug_macro   0x0000000000000000       0x42 ./Drivers/02 ECU/EEPROM/EEPROM_program.o
 .debug_macro   0x0000000000000000      0xa72 ./Drivers/02 ECU/EEPROM/EEPROM_program.o
 .debug_macro   0x0000000000000000       0x22 ./Drivers/02 ECU/EEPROM/EEPROM_program.o
 .debug_line    0x0000000000000000      0x180 ./Drivers/02 ECU/EEPROM/EEPROM_program.o
 .debug_str     0x0000000000000000     0x2ebd ./Drivers/02 ECU/EEPROM/EEPROM_program.o
 .comment       0x0000000000000000       0x51 ./Drivers/02 ECU/EEPROM/EEPROM_program.o
 .debug_frame   0x0000000000000000       0x74 ./Drivers/02 ECU/EEPROM/EEPROM_program.o
 .ARM.attributes
                0x0000000000000000       0x2d ./Drivers/02 ECU/EEPROM/EEPROM_program.o
 .group         0x0000000000000000        0xc ./Drivers/02 ECU/Segment7/Segment7_program.o
 .group         0x0000000000000000        0xc ./Drivers/02 ECU/Segment7/Segment7_program.o
 .group         0x0000000000000000        0xc ./Drivers/02 ECU/Segment7/Segment7_program.o
 .group         0x0000000000000000        0xc ./Drivers/02 ECU/Segment7/Segment7_program.o
 .text          0x0000000000000000        0x0 ./Drivers/02 ECU/Segment7/Segment7_program.o
 .data          0x0000000000000000        0x0 ./Drivers/02 ECU/Segment7/Segment7_program.o
 .bss           0x0000000000000000        0x0 ./Drivers/02 ECU/Segment7/Segment7_program.o
 .data.NUM      0x0000000000000000        0xa ./Drivers/02 ECU/Segment7/Segment7_program.o
 .text.Segment7_voidInit
                0x0000000000000000       0x3c ./Drivers/02 ECU/Segment7/Segment7_program.o
 .text.Segment7_voidSetValue
                0x0000000000000000       0x40 ./Drivers/02 ECU/Segment7/Segment7_program.o
 .text.Segment7_voidDisplayON
                0x0000000000000000       0x28 ./Drivers/02 ECU/Segment7/Segment7_program.o
 .text.Segment7_voidDisplayOFF
                0x0000000000000000       0x28 ./Drivers/02 ECU/Segment7/Segment7_program.o
 .text.Segment7_voidDualModeInit
                0x0000000000000000       0x3e ./Drivers/02 ECU/Segment7/Segment7_program.o
 .text.Segment7_voidDualModeSetValue
                0x0000000000000000       0xbc ./Drivers/02 ECU/Segment7/Segment7_program.o
 .debug_info    0x0000000000000000      0x29f ./Drivers/02 ECU/Segment7/Segment7_program.o
 .debug_abbrev  0x0000000000000000       0xe6 ./Drivers/02 ECU/Segment7/Segment7_program.o
 .debug_aranges
                0x0000000000000000       0x48 ./Drivers/02 ECU/Segment7/Segment7_program.o
 .debug_ranges  0x0000000000000000       0x38 ./Drivers/02 ECU/Segment7/Segment7_program.o
 .debug_macro   0x0000000000000000       0x46 ./Drivers/02 ECU/Segment7/Segment7_program.o
 .debug_macro   0x0000000000000000      0xa72 ./Drivers/02 ECU/Segment7/Segment7_program.o
 .debug_macro   0x0000000000000000       0x9a ./Drivers/02 ECU/Segment7/Segment7_program.o
 .debug_macro   0x0000000000000000       0xdc ./Drivers/02 ECU/Segment7/Segment7_program.o
 .debug_macro   0x0000000000000000       0x46 ./Drivers/02 ECU/Segment7/Segment7_program.o
 .debug_line    0x0000000000000000      0x238 ./Drivers/02 ECU/Segment7/Segment7_program.o
 .debug_str     0x0000000000000000     0x34f6 ./Drivers/02 ECU/Segment7/Segment7_program.o
 .comment       0x0000000000000000       0x51 ./Drivers/02 ECU/Segment7/Segment7_program.o
 .debug_frame   0x0000000000000000       0xe8 ./Drivers/02 ECU/Segment7/Segment7_program.o
 .ARM.attributes
                0x0000000000000000       0x2d ./Drivers/02 ECU/Segment7/Segment7_program.o
 .group         0x0000000000000000        0xc ./Drivers/RTOS/RTOS_program.o
 .group         0x0000000000000000        0xc ./Drivers/RTOS/RTOS_program.o
 .text          0x0000000000000000        0x0 ./Drivers/RTOS/RTOS_program.o
 .data          0x0000000000000000        0x0 ./Drivers/RTOS/RTOS_program.o
 .bss           0x0000000000000000        0x0 ./Drivers/RTOS/RTOS_program.o
 .bss.task      0x0000000000000000       0xf0 ./Drivers/RTOS/RTOS_program.o
 .bss.tick      0x0000000000000000        0x1 ./Drivers/RTOS/RTOS_program.o
 .text.RTOS_CreateTask
                0x0000000000000000       0x78 ./Drivers/RTOS/RTOS_program.o
 .text.RTOS_Scheduler
                0x0000000000000000       0xc0 ./Drivers/RTOS/RTOS_program.o
 .text.RTOS_Start
                0x0000000000000000       0x18 ./Drivers/RTOS/RTOS_program.o
 .text.Task_Susbend
                0x0000000000000000       0x2c ./Drivers/RTOS/RTOS_program.o
 .text.Task_Resume
                0x0000000000000000       0x2c ./Drivers/RTOS/RTOS_program.o
 .text.Task_Delete
                0x0000000000000000       0x2c ./Drivers/RTOS/RTOS_program.o
 .debug_info    0x0000000000000000      0x246 ./Drivers/RTOS/RTOS_program.o
 .debug_abbrev  0x0000000000000000      0x16f ./Drivers/RTOS/RTOS_program.o
 .debug_aranges
                0x0000000000000000       0x48 ./Drivers/RTOS/RTOS_program.o
 .debug_ranges  0x0000000000000000       0x38 ./Drivers/RTOS/RTOS_program.o
 .debug_macro   0x0000000000000000       0x38 ./Drivers/RTOS/RTOS_program.o
 .debug_macro   0x0000000000000000      0xa72 ./Drivers/RTOS/RTOS_program.o
 .debug_macro   0x0000000000000000       0x22 ./Drivers/RTOS/RTOS_program.o
 .debug_line    0x0000000000000000      0x1b3 ./Drivers/RTOS/RTOS_program.o
 .debug_str     0x0000000000000000     0x2e8f ./Drivers/RTOS/RTOS_program.o
 .comment       0x0000000000000000       0x51 ./Drivers/RTOS/RTOS_program.o
 .debug_frame   0x0000000000000000       0xf0 ./Drivers/RTOS/RTOS_program.o
 .ARM.attributes
                0x0000000000000000       0x2d ./Drivers/RTOS/RTOS_program.o
 .group         0x0000000000000000        0xc ./Src/main.o
 .group         0x0000000000000000        0xc ./Src/main.o
 .group         0x0000000000000000        0xc ./Src/main.o
 .group         0x0000000000000000        0xc ./Src/main.o
 .group         0x0000000000000000        0xc ./Src/main.o
 .group         0x0000000000000000        0xc ./Src/main.o
 .group         0x0000000000000000        0xc ./Src/main.o
 .text          0x0000000000000000        0x0 ./Src/main.o
 .data          0x0000000000000000        0x0 ./Src/main.o
 .bss           0x0000000000000000        0x0 ./Src/main.o
 .debug_macro   0x0000000000000000      0xa72 ./Src/main.o
 .debug_macro   0x0000000000000000       0x22 ./Src/main.o
 .debug_macro   0x0000000000000000       0x1c ./Src/main.o
 .debug_macro   0x0000000000000000       0x9a ./Src/main.o
 .debug_macro   0x0000000000000000       0xdc ./Src/main.o
 .debug_macro   0x0000000000000000       0x2e ./Src/main.o
 .text          0x0000000000000000       0x14 ./Startup/startup_stm32f103c8tx.o
 .data          0x0000000000000000        0x0 ./Startup/startup_stm32f103c8tx.o
 .bss           0x0000000000000000        0x0 ./Startup/startup_stm32f103c8tx.o
 .text          0x0000000000000000        0x0 c:/st/stm32cubeide_1.12.1/stm32cubeide/plugins/com.st.stm32cube.ide.mcu.externaltools.gnu-tools-for-stm32.10.3-2021.10.win32_1.0.200.202301161003/tools/bin/../lib/gcc/arm-none-eabi/10.3.1/../../../../arm-none-eabi/lib/thumb/v7-m/nofp\libc_nano.a(lib_a-exit.o)
 .data          0x0000000000000000        0x0 c:/st/stm32cubeide_1.12.1/stm32cubeide/plugins/com.st.stm32cube.ide.mcu.externaltools.gnu-tools-for-stm32.10.3-2021.10.win32_1.0.200.202301161003/tools/bin/../lib/gcc/arm-none-eabi/10.3.1/../../../../arm-none-eabi/lib/thumb/v7-m/nofp\libc_nano.a(lib_a-exit.o)
 .bss           0x0000000000000000        0x0 c:/st/stm32cubeide_1.12.1/stm32cubeide/plugins/com.st.stm32cube.ide.mcu.externaltools.gnu-tools-for-stm32.10.3-2021.10.win32_1.0.200.202301161003/tools/bin/../lib/gcc/arm-none-eabi/10.3.1/../../../../arm-none-eabi/lib/thumb/v7-m/nofp\libc_nano.a(lib_a-exit.o)
 .text.exit     0x0000000000000000       0x28 c:/st/stm32cubeide_1.12.1/stm32cubeide/plugins/com.st.stm32cube.ide.mcu.externaltools.gnu-tools-for-stm32.10.3-2021.10.win32_1.0.200.202301161003/tools/bin/../lib/gcc/arm-none-eabi/10.3.1/../../../../arm-none-eabi/lib/thumb/v7-m/nofp\libc_nano.a(lib_a-exit.o)
 .debug_frame   0x0000000000000000       0x28 c:/st/stm32cubeide_1.12.1/stm32cubeide/plugins/com.st.stm32cube.ide.mcu.externaltools.gnu-tools-for-stm32.10.3-2021.10.win32_1.0.200.202301161003/tools/bin/../lib/gcc/arm-none-eabi/10.3.1/../../../../arm-none-eabi/lib/thumb/v7-m/nofp\libc_nano.a(lib_a-exit.o)
 .ARM.attributes
                0x0000000000000000       0x2d c:/st/stm32cubeide_1.12.1/stm32cubeide/plugins/com.st.stm32cube.ide.mcu.externaltools.gnu-tools-for-stm32.10.3-2021.10.win32_1.0.200.202301161003/tools/bin/../lib/gcc/arm-none-eabi/10.3.1/../../../../arm-none-eabi/lib/thumb/v7-m/nofp\libc_nano.a(lib_a-exit.o)
 .text          0x0000000000000000        0x0 c:/st/stm32cubeide_1.12.1/stm32cubeide/plugins/com.st.stm32cube.ide.mcu.externaltools.gnu-tools-for-stm32.10.3-2021.10.win32_1.0.200.202301161003/tools/bin/../lib/gcc/arm-none-eabi/10.3.1/../../../../arm-none-eabi/lib/thumb/v7-m/nofp\libc_nano.a(lib_a-impure.o)
 .data          0x0000000000000000        0x0 c:/st/stm32cubeide_1.12.1/stm32cubeide/plugins/com.st.stm32cube.ide.mcu.externaltools.gnu-tools-for-stm32.10.3-2021.10.win32_1.0.200.202301161003/tools/bin/../lib/gcc/arm-none-eabi/10.3.1/../../../../arm-none-eabi/lib/thumb/v7-m/nofp\libc_nano.a(lib_a-impure.o)
 .bss           0x0000000000000000        0x0 c:/st/stm32cubeide_1.12.1/stm32cubeide/plugins/com.st.stm32cube.ide.mcu.externaltools.gnu-tools-for-stm32.10.3-2021.10.win32_1.0.200.202301161003/tools/bin/../lib/gcc/arm-none-eabi/10.3.1/../../../../arm-none-eabi/lib/thumb/v7-m/nofp\libc_nano.a(lib_a-impure.o)
 .data._impure_ptr
                0x0000000000000000        0x4 c:/st/stm32cubeide_1.12.1/stm32cubeide/plugins/com.st.stm32cube.ide.mcu.externaltools.gnu-tools-for-stm32.10.3-2021.10.win32_1.0.200.202301161003/tools/bin/../lib/gcc/arm-none-eabi/10.3.1/../../../../arm-none-eabi/lib/thumb/v7-m/nofp\libc_nano.a(lib_a-impure.o)
 .data.impure_data
                0x0000000000000000       0x60 c:/st/stm32cubeide_1.12.1/stm32cubeide/plugins/com.st.stm32cube.ide.mcu.externaltools.gnu-tools-for-stm32.10.3-2021.10.win32_1.0.200.202301161003/tools/bin/../lib/gcc/arm-none-eabi/10.3.1/../../../../arm-none-eabi/lib/thumb/v7-m/nofp\libc_nano.a(lib_a-impure.o)
 .rodata._global_impure_ptr
                0x0000000000000000        0x4 c:/st/stm32cubeide_1.12.1/stm32cubeide/plugins/com.st.stm32cube.ide.mcu.externaltools.gnu-tools-for-stm32.10.3-2021.10.win32_1.0.200.202301161003/tools/bin/../lib/gcc/arm-none-eabi/10.3.1/../../../../arm-none-eabi/lib/thumb/v7-m/nofp\libc_nano.a(lib_a-impure.o)
 .ARM.attributes
                0x0000000000000000       0x2d c:/st/stm32cubeide_1.12.1/stm32cubeide/plugins/com.st.stm32cube.ide.mcu.externaltools.gnu-tools-for-stm32.10.3-2021.10.win32_1.0.200.202301161003/tools/bin/../lib/gcc/arm-none-eabi/10.3.1/../../../../arm-none-eabi/lib/thumb/v7-m/nofp\libc_nano.a(lib_a-impure.o)
 .text          0x0000000000000000        0x0 c:/st/stm32cubeide_1.12.1/stm32cubeide/plugins/com.st.stm32cube.ide.mcu.externaltools.gnu-tools-for-stm32.10.3-2021.10.win32_1.0.200.202301161003/tools/bin/../lib/gcc/arm-none-eabi/10.3.1/../../../../arm-none-eabi/lib/thumb/v7-m/nofp\libc_nano.a(lib_a-init.o)
 .data          0x0000000000000000        0x0 c:/st/stm32cubeide_1.12.1/stm32cubeide/plugins/com.st.stm32cube.ide.mcu.externaltools.gnu-tools-for-stm32.10.3-2021.10.win32_1.0.200.202301161003/tools/bin/../lib/gcc/arm-none-eabi/10.3.1/../../../../arm-none-eabi/lib/thumb/v7-m/nofp\libc_nano.a(lib_a-init.o)
 .bss           0x0000000000000000        0x0 c:/st/stm32cubeide_1.12.1/stm32cubeide/plugins/com.st.stm32cube.ide.mcu.externaltools.gnu-tools-for-stm32.10.3-2021.10.win32_1.0.200.202301161003/tools/bin/../lib/gcc/arm-none-eabi/10.3.1/../../../../arm-none-eabi/lib/thumb/v7-m/nofp\libc_nano.a(lib_a-init.o)
 .text          0x0000000000000000        0x0 c:/st/stm32cubeide_1.12.1/stm32cubeide/plugins/com.st.stm32cube.ide.mcu.externaltools.gnu-tools-for-stm32.10.3-2021.10.win32_1.0.200.202301161003/tools/bin/../lib/gcc/arm-none-eabi/10.3.1/../../../../arm-none-eabi/lib/thumb/v7-m/nofp\libc_nano.a(lib_a-memset.o)
 .data          0x0000000000000000        0x0 c:/st/stm32cubeide_1.12.1/stm32cubeide/plugins/com.st.stm32cube.ide.mcu.externaltools.gnu-tools-for-stm32.10.3-2021.10.win32_1.0.200.202301161003/tools/bin/../lib/gcc/arm-none-eabi/10.3.1/../../../../arm-none-eabi/lib/thumb/v7-m/nofp\libc_nano.a(lib_a-memset.o)
 .bss           0x0000000000000000        0x0 c:/st/stm32cubeide_1.12.1/stm32cubeide/plugins/com.st.stm32cube.ide.mcu.externaltools.gnu-tools-for-stm32.10.3-2021.10.win32_1.0.200.202301161003/tools/bin/../lib/gcc/arm-none-eabi/10.3.1/../../../../arm-none-eabi/lib/thumb/v7-m/nofp\libc_nano.a(lib_a-memset.o)
 .text.memset   0x0000000000000000       0x10 c:/st/stm32cubeide_1.12.1/stm32cubeide/plugins/com.st.stm32cube.ide.mcu.externaltools.gnu-tools-for-stm32.10.3-2021.10.win32_1.0.200.202301161003/tools/bin/../lib/gcc/arm-none-eabi/10.3.1/../../../../arm-none-eabi/lib/thumb/v7-m/nofp\libc_nano.a(lib_a-memset.o)
 .debug_frame   0x0000000000000000       0x20 c:/st/stm32cubeide_1.12.1/stm32cubeide/plugins/com.st.stm32cube.ide.mcu.externaltools.gnu-tools-for-stm32.10.3-2021.10.win32_1.0.200.202301161003/tools/bin/../lib/gcc/arm-none-eabi/10.3.1/../../../../arm-none-eabi/lib/thumb/v7-m/nofp\libc_nano.a(lib_a-memset.o)
 .ARM.attributes
                0x0000000000000000       0x2d c:/st/stm32cubeide_1.12.1/stm32cubeide/plugins/com.st.stm32cube.ide.mcu.externaltools.gnu-tools-for-stm32.10.3-2021.10.win32_1.0.200.202301161003/tools/bin/../lib/gcc/arm-none-eabi/10.3.1/../../../../arm-none-eabi/lib/thumb/v7-m/nofp\libc_nano.a(lib_a-memset.o)
 .text          0x0000000000000000        0x0 c:/st/stm32cubeide_1.12.1/stm32cubeide/plugins/com.st.stm32cube.ide.mcu.externaltools.gnu-tools-for-stm32.10.3-2021.10.win32_1.0.200.202301161003/tools/bin/../lib/gcc/arm-none-eabi/10.3.1/../../../../arm-none-eabi/lib/thumb/v7-m/nofp\libnosys.a(_exit.o)
 .data          0x0000000000000000        0x0 c:/st/stm32cubeide_1.12.1/stm32cubeide/plugins/com.st.stm32cube.ide.mcu.externaltools.gnu-tools-for-stm32.10.3-2021.10.win32_1.0.200.202301161003/tools/bin/../lib/gcc/arm-none-eabi/10.3.1/../../../../arm-none-eabi/lib/thumb/v7-m/nofp\libnosys.a(_exit.o)
 .bss           0x0000000000000000        0x0 c:/st/stm32cubeide_1.12.1/stm32cubeide/plugins/com.st.stm32cube.ide.mcu.externaltools.gnu-tools-for-stm32.10.3-2021.10.win32_1.0.200.202301161003/tools/bin/../lib/gcc/arm-none-eabi/10.3.1/../../../../arm-none-eabi/lib/thumb/v7-m/nofp\libnosys.a(_exit.o)
 .text._exit    0x0000000000000000        0x2 c:/st/stm32cubeide_1.12.1/stm32cubeide/plugins/com.st.stm32cube.ide.mcu.externaltools.gnu-tools-for-stm32.10.3-2021.10.win32_1.0.200.202301161003/tools/bin/../lib/gcc/arm-none-eabi/10.3.1/../../../../arm-none-eabi/lib/thumb/v7-m/nofp\libnosys.a(_exit.o)
 .debug_frame   0x0000000000000000       0x20 c:/st/stm32cubeide_1.12.1/stm32cubeide/plugins/com.st.stm32cube.ide.mcu.externaltools.gnu-tools-for-stm32.10.3-2021.10.win32_1.0.200.202301161003/tools/bin/../lib/gcc/arm-none-eabi/10.3.1/../../../../arm-none-eabi/lib/thumb/v7-m/nofp\libnosys.a(_exit.o)
 .ARM.attributes
                0x0000000000000000       0x2d c:/st/stm32cubeide_1.12.1/stm32cubeide/plugins/com.st.stm32cube.ide.mcu.externaltools.gnu-tools-for-stm32.10.3-2021.10.win32_1.0.200.202301161003/tools/bin/../lib/gcc/arm-none-eabi/10.3.1/../../../../arm-none-eabi/lib/thumb/v7-m/nofp\libnosys.a(_exit.o)
 .text          0x0000000000000000        0x0 c:/st/stm32cubeide_1.12.1/stm32cubeide/plugins/com.st.stm32cube.ide.mcu.externaltools.gnu-tools-for-stm32.10.3-2021.10.win32_1.0.200.202301161003/tools/bin/../lib/gcc/arm-none-eabi/10.3.1/thumb/v7-m/nofp/crtend.o
 .data          0x0000000000000000        0x0 c:/st/stm32cubeide_1.12.1/stm32cubeide/plugins/com.st.stm32cube.ide.mcu.externaltools.gnu-tools-for-stm32.10.3-2021.10.win32_1.0.200.202301161003/tools/bin/../lib/gcc/arm-none-eabi/10.3.1/thumb/v7-m/nofp/crtend.o
 .bss           0x0000000000000000        0x0 c:/st/stm32cubeide_1.12.1/stm32cubeide/plugins/com.st.stm32cube.ide.mcu.externaltools.gnu-tools-for-stm32.10.3-2021.10.win32_1.0.200.202301161003/tools/bin/../lib/gcc/arm-none-eabi/10.3.1/thumb/v7-m/nofp/crtend.o
 .rodata        0x0000000000000000       0x24 c:/st/stm32cubeide_1.12.1/stm32cubeide/plugins/com.st.stm32cube.ide.mcu.externaltools.gnu-tools-for-stm32.10.3-2021.10.win32_1.0.200.202301161003/tools/bin/../lib/gcc/arm-none-eabi/10.3.1/thumb/v7-m/nofp/crtend.o
 .eh_frame      0x0000000000000000        0x4 c:/st/stm32cubeide_1.12.1/stm32cubeide/plugins/com.st.stm32cube.ide.mcu.externaltools.gnu-tools-for-stm32.10.3-2021.10.win32_1.0.200.202301161003/tools/bin/../lib/gcc/arm-none-eabi/10.3.1/thumb/v7-m/nofp/crtend.o
 .ARM.attributes
                0x0000000000000000       0x2d c:/st/stm32cubeide_1.12.1/stm32cubeide/plugins/com.st.stm32cube.ide.mcu.externaltools.gnu-tools-for-stm32.10.3-2021.10.win32_1.0.200.202301161003/tools/bin/../lib/gcc/arm-none-eabi/10.3.1/thumb/v7-m/nofp/crtend.o
 .text          0x0000000000000000        0x0 c:/st/stm32cubeide_1.12.1/stm32cubeide/plugins/com.st.stm32cube.ide.mcu.externaltools.gnu-tools-for-stm32.10.3-2021.10.win32_1.0.200.202301161003/tools/bin/../lib/gcc/arm-none-eabi/10.3.1/thumb/v7-m/nofp/crtn.o
 .data          0x0000000000000000        0x0 c:/st/stm32cubeide_1.12.1/stm32cubeide/plugins/com.st.stm32cube.ide.mcu.externaltools.gnu-tools-for-stm32.10.3-2021.10.win32_1.0.200.202301161003/tools/bin/../lib/gcc/arm-none-eabi/10.3.1/thumb/v7-m/nofp/crtn.o
 .bss           0x0000000000000000        0x0 c:/st/stm32cubeide_1.12.1/stm32cubeide/plugins/com.st.stm32cube.ide.mcu.externaltools.gnu-tools-for-stm32.10.3-2021.10.win32_1.0.200.202301161003/tools/bin/../lib/gcc/arm-none-eabi/10.3.1/thumb/v7-m/nofp/crtn.o

Memory Configuration

Name             Origin             Length             Attributes
RAM              0x0000000020000000 0x0000000000005000 xrw
FLASH            0x0000000008000000 0x0000000000010000 xr
*default*        0x0000000000000000 0xffffffffffffffff

Linker script and memory map

LOAD c:/st/stm32cubeide_1.12.1/stm32cubeide/plugins/com.st.stm32cube.ide.mcu.externaltools.gnu-tools-for-stm32.10.3-2021.10.win32_1.0.200.202301161003/tools/bin/../lib/gcc/arm-none-eabi/10.3.1/thumb/v7-m/nofp/crti.o
LOAD c:/st/stm32cubeide_1.12.1/stm32cubeide/plugins/com.st.stm32cube.ide.mcu.externaltools.gnu-tools-for-stm32.10.3-2021.10.win32_1.0.200.202301161003/tools/bin/../lib/gcc/arm-none-eabi/10.3.1/thumb/v7-m/nofp/crtbegin.o
LOAD c:/st/stm32cubeide_1.12.1/stm32cubeide/plugins/com.st.stm32cube.ide.mcu.externaltools.gnu-tools-for-stm32.10.3-2021.10.win32_1.0.200.202301161003/tools/bin/../lib/gcc/arm-none-eabi/10.3.1/../../../../arm-none-eabi/lib/thumb/v7-m/nofp/crt0.o
LOAD ./Drivers/00 LIB/Common_function.o
LOAD ./Drivers/01 MCAL/00 RCC/RCC_program.o
LOAD ./Drivers/01 MCAL/01 GPIO/DIO_program.o
LOAD ./Drivers/01 MCAL/02 NVIC/NVIC_program.o
LOAD ./Drivers/01 MCAL/03 EXTI/EXTI_program.o
LOAD ./Drivers/01 MCAL/04 ADC/ADC_program.o
LOAD ./Drivers/01 MCAL/04 STK/STK_program.o
LOAD ./Drivers/01 MCAL/07 USART/USART_program.o
LOAD ./Drivers/01 MCAL/08 SPI/SPI_program.o
LOAD ./Drivers/01 MCAL/09 I2C/I2C_program.o
LOAD ./Drivers/02 ECU/00 LED/LED_progrming.o
LOAD ./Drivers/02 ECU/01 Button/button_program.o
LOAD ./Drivers/02 ECU/02 LCD/LCD_program.o
LOAD ./Drivers/02 ECU/03 Buzzer/Buzzer_progrming.o
LOAD ./Drivers/02 ECU/BLUETOOTH/BLUETOOTH_program.o
LOAD ./Drivers/02 ECU/EEPROM/EEPROM_program.o
LOAD ./Drivers/02 ECU/Segment7/Segment7_program.o
LOAD ./Drivers/RTOS/RTOS_program.o
LOAD ./Src/main.o
LOAD ./Startup/startup_stm32f103c8tx.o
START GROUP
LOAD c:/st/stm32cubeide_1.12.1/stm32cubeide/plugins/com.st.stm32cube.ide.mcu.externaltools.gnu-tools-for-stm32.10.3-2021.10.win32_1.0.200.202301161003/tools/bin/../lib/gcc/arm-none-eabi/10.3.1/../../../../arm-none-eabi/lib/thumb/v7-m/nofp\libc_nano.a
LOAD c:/st/stm32cubeide_1.12.1/stm32cubeide/plugins/com.st.stm32cube.ide.mcu.externaltools.gnu-tools-for-stm32.10.3-2021.10.win32_1.0.200.202301161003/tools/bin/../lib/gcc/arm-none-eabi/10.3.1/../../../../arm-none-eabi/lib/thumb/v7-m/nofp\libm.a
END GROUP
START GROUP
LOAD c:/st/stm32cubeide_1.12.1/stm32cubeide/plugins/com.st.stm32cube.ide.mcu.externaltools.gnu-tools-for-stm32.10.3-2021.10.win32_1.0.200.202301161003/tools/bin/../lib/gcc/arm-none-eabi/10.3.1/thumb/v7-m/nofp\libgcc.a
LOAD c:/st/stm32cubeide_1.12.1/stm32cubeide/plugins/com.st.stm32cube.ide.mcu.externaltools.gnu-tools-for-stm32.10.3-2021.10.win32_1.0.200.202301161003/tools/bin/../lib/gcc/arm-none-eabi/10.3.1/../../../../arm-none-eabi/lib/thumb/v7-m/nofp\libc_nano.a
END GROUP
START GROUP
LOAD c:/st/stm32cubeide_1.12.1/stm32cubeide/plugins/com.st.stm32cube.ide.mcu.externaltools.gnu-tools-for-stm32.10.3-2021.10.win32_1.0.200.202301161003/tools/bin/../lib/gcc/arm-none-eabi/10.3.1/thumb/v7-m/nofp\libgcc.a
LOAD c:/st/stm32cubeide_1.12.1/stm32cubeide/plugins/com.st.stm32cube.ide.mcu.externaltools.gnu-tools-for-stm32.10.3-2021.10.win32_1.0.200.202301161003/tools/bin/../lib/gcc/arm-none-eabi/10.3.1/../../../../arm-none-eabi/lib/thumb/v7-m/nofp\libc_nano.a
LOAD c:/st/stm32cubeide_1.12.1/stm32cubeide/plugins/com.st.stm32cube.ide.mcu.externaltools.gnu-tools-for-stm32.10.3-2021.10.win32_1.0.200.202301161003/tools/bin/../lib/gcc/arm-none-eabi/10.3.1/../../../../arm-none-eabi/lib/thumb/v7-m/nofp\libnosys.a
END GROUP
START GROUP
LOAD c:/st/stm32cubeide_1.12.1/stm32cubeide/plugins/com.st.stm32cube.ide.mcu.externaltools.gnu-tools-for-stm32.10.3-2021.10.win32_1.0.200.202301161003/tools/bin/../lib/gcc/arm-none-eabi/10.3.1/thumb/v7-m/nofp\libgcc.a
LOAD c:/st/stm32cubeide_1.12.1/stm32cubeide/plugins/com.st.stm32cube.ide.mcu.externaltools.gnu-tools-for-stm32.10.3-2021.10.win32_1.0.200.202301161003/tools/bin/../lib/gcc/arm-none-eabi/10.3.1/../../../../arm-none-eabi/lib/thumb/v7-m/nofp\libc_nano.a
LOAD c:/st/stm32cubeide_1.12.1/stm32cubeide/plugins/com.st.stm32cube.ide.mcu.externaltools.gnu-tools-for-stm32.10.3-2021.10.win32_1.0.200.202301161003/tools/bin/../lib/gcc/arm-none-eabi/10.3.1/../../../../arm-none-eabi/lib/thumb/v7-m/nofp\libnosys.a
END GROUP
LOAD c:/st/stm32cubeide_1.12.1/stm32cubeide/plugins/com.st.stm32cube.ide.mcu.externaltools.gnu-tools-for-stm32.10.3-2021.10.win32_1.0.200.202301161003/tools/bin/../lib/gcc/arm-none-eabi/10.3.1/thumb/v7-m/nofp/crtend.o
LOAD c:/st/stm32cubeide_1.12.1/stm32cubeide/plugins/com.st.stm32cube.ide.mcu.externaltools.gnu-tools-for-stm32.10.3-2021.10.win32_1.0.200.202301161003/tools/bin/../lib/gcc/arm-none-eabi/10.3.1/thumb/v7-m/nofp/crtn.o
                0x0000000020005000                _estack = (ORIGIN (RAM) + LENGTH (RAM))
                0x0000000000000200                _Min_Heap_Size = 0x200
                0x0000000000000400                _Min_Stack_Size = 0x400

.isr_vector     0x0000000008000000      0x130
                0x0000000008000000                . = ALIGN (0x4)
 *(.isr_vector)
 .isr_vector    0x0000000008000000      0x130 ./Startup/startup_stm32f103c8tx.o
                0x0000000008000000                g_pfnVectors
                0x0000000008000130                . = ALIGN (0x4)

.text           0x0000000008000130      0x9d0
                0x0000000008000130                . = ALIGN (0x4)
 *(.text)
 .text          0x0000000008000130       0x40 c:/st/stm32cubeide_1.12.1/stm32cubeide/plugins/com.st.stm32cube.ide.mcu.externaltools.gnu-tools-for-stm32.10.3-2021.10.win32_1.0.200.202301161003/tools/bin/../lib/gcc/arm-none-eabi/10.3.1/thumb/v7-m/nofp/crtbegin.o
 *(.text*)
 .text._delay_ms
                0x0000000008000170       0x32 ./Drivers/00 LIB/Common_function.o
                0x0000000008000170                _delay_ms
 *fill*         0x00000000080001a2        0x2 
 .text.RCC_IntalizeHSI
                0x00000000080001a4       0x70 ./Drivers/01 MCAL/00 RCC/RCC_program.o
                0x00000000080001a4                RCC_IntalizeHSI
 .text.RCC_voidSysClkInt
                0x0000000008000214       0x1c ./Drivers/01 MCAL/00 RCC/RCC_program.o
                0x0000000008000214                RCC_voidSysClkInt
 .text.RCC_voidEnablePerClk
                0x0000000008000230       0x84 ./Drivers/01 MCAL/00 RCC/RCC_program.o
                0x0000000008000230                RCC_voidEnablePerClk
 .text.RCC_voidSetAHBprescaler
                0x00000000080002b4       0x20 ./Drivers/01 MCAL/00 RCC/RCC_program.o
                0x00000000080002b4                RCC_voidSetAHBprescaler
 .text.RCC_voidSetAPB1prescaler
                0x00000000080002d4       0x20 ./Drivers/01 MCAL/00 RCC/RCC_program.o
                0x00000000080002d4                RCC_voidSetAPB1prescaler
 .text.RCC_voidSetAPB2prescaler
                0x00000000080002f4       0x20 ./Drivers/01 MCAL/00 RCC/RCC_program.o
                0x00000000080002f4                RCC_voidSetAPB2prescaler
 .text.RCC_voidSetADCprescaler
                0x0000000008000314       0x2c ./Drivers/01 MCAL/00 RCC/RCC_program.o
                0x0000000008000314                RCC_voidSetADCprescaler
 .text.DIO_voidSetPinDirection
                0x0000000008000340      0x1a4 ./Drivers/01 MCAL/01 GPIO/DIO_program.o
                0x0000000008000340                DIO_voidSetPinDirection
 .text.DIO_voidSetPinValue
                0x00000000080004e4       0xc0 ./Drivers/01 MCAL/01 GPIO/DIO_program.o
                0x00000000080004e4                DIO_voidSetPinValue
 .text.EXTI0_IRQHandler
                0x00000000080005a4       0x2c ./Drivers/01 MCAL/03 EXTI/EXTI_program.o
                0x00000000080005a4                EXTI0_IRQHandler
 .text.EXTI1_IRQHandler
                0x00000000080005d0       0x2c ./Drivers/01 MCAL/03 EXTI/EXTI_program.o
                0x00000000080005d0                EXTI1_IRQHandler
 .text.EXTI2_IRQHandler
                0x00000000080005fc       0x2c ./Drivers/01 MCAL/03 EXTI/EXTI_program.o
                0x00000000080005fc                EXTI2_IRQHandler
 .text.EXTI3_IRQHandler
                0x0000000008000628       0x2c ./Drivers/01 MCAL/03 EXTI/EXTI_program.o
                0x0000000008000628                EXTI3_IRQHandler
 .text.EXTI4_IRQHandler
                0x0000000008000654       0x2c ./Drivers/01 MCAL/03 EXTI/EXTI_program.o
                0x0000000008000654                EXTI4_IRQHandler
 .text.STK_voidSetBusyWait
                0x0000000008000680       0x54 ./Drivers/01 MCAL/04 STK/STK_program.o
                0x0000000008000680                STK_voidSetBusyWait
 .text.SPI1_voidInit
                0x00000000080006d4       0x2c ./Drivers/01 MCAL/08 SPI/SPI_program.o
                0x00000000080006d4                SPI1_voidInit
 .text.SPI_voidRecieve
                0x0000000008000700       0x34 ./Drivers/01 MCAL/08 SPI/SPI_program.o
                0x0000000008000700                SPI_voidRecieve
 .text._delay_us
                0x0000000008000734       0x32 ./Drivers/02 ECU/02 LCD/LCD_program.o
                0x0000000008000734                _delay_us
 .text.LCD_4_bit_intalize
                0x0000000008000766       0x9a ./Drivers/02 ECU/02 LCD/LCD_program.o
                0x0000000008000766                LCD_4_bit_intalize
 .text.LCD_4_bit_sendcommand
                0x0000000008000800       0x9c ./Drivers/02 ECU/02 LCD/LCD_program.o
                0x0000000008000800                LCD_4_bit_sendcommand
 .text.LCD_4_bit_sendchar
                0x000000000800089c       0x9c ./Drivers/02 ECU/02 LCD/LCD_program.o
                0x000000000800089c                LCD_4_bit_sendchar
 .text.LCD_4_bit_sendstring
                0x0000000008000938       0x2c ./Drivers/02 ECU/02 LCD/LCD_program.o
                0x0000000008000938                LCD_4_bit_sendstring
 .text.main     0x0000000008000964       0xe8 ./Src/main.o
                0x0000000008000964                main
 .text.Reset_Handler
                0x0000000008000a4c       0x50 ./Startup/startup_stm32f103c8tx.o
                0x0000000008000a4c                Reset_Handler
 .text.Default_Handler
                0x0000000008000a9c        0x2 ./Startup/startup_stm32f103c8tx.o
                0x0000000008000a9c                TIM8_TRG_COM_IRQHandler
                0x0000000008000a9c                TIM8_CC_IRQHandler
                0x0000000008000a9c                DebugMon_Handler
                0x0000000008000a9c                TIM1_CC_IRQHandler
                0x0000000008000a9c                HardFault_Handler
                0x0000000008000a9c                TIM6_IRQHandler
                0x0000000008000a9c                SysTick_Handler
                0x0000000008000a9c                PVD_IRQHandler
                0x0000000008000a9c                SDIO_IRQHandler
                0x0000000008000a9c                PendSV_Handler
                0x0000000008000a9c                NMI_Handler
                0x0000000008000a9c                USB_HP_CAN_TX_IRQHandler
                0x0000000008000a9c                I2C2_EV_IRQHandler
                0x0000000008000a9c                UsageFault_Handler
                0x0000000008000a9c                ADC1_2_IRQHandler
                0x0000000008000a9c                SPI1_IRQHandler
                0x0000000008000a9c                CAN_SCE_IRQHandler
                0x0000000008000a9c                TAMPER_IRQHandler
                0x0000000008000a9c                TIM8_UP_IRQHandler
                0x0000000008000a9c                DMA2_Channel2_IRQHandler
                0x0000000008000a9c                DMA1_Channel4_IRQHandler
                0x0000000008000a9c                USART3_IRQHandler
                0x0000000008000a9c                RTC_IRQHandler
                0x0000000008000a9c                DMA1_Channel7_IRQHandler
                0x0000000008000a9c                UART5_IRQHandler
                0x0000000008000a9c                ADC3_IRQHandler
                0x0000000008000a9c                TIM4_IRQHandler
                0x0000000008000a9c                CAN_RX1_IRQHandler
                0x0000000008000a9c                DMA2_Channel1_IRQHandler
                0x0000000008000a9c                I2C1_EV_IRQHandler
                0x0000000008000a9c                DMA1_Channel6_IRQHandler
                0x0000000008000a9c                UART4_IRQHandler
                0x0000000008000a9c                TIM3_IRQHandler
                0x0000000008000a9c                RCC_IRQHandler
                0x0000000008000a9c                TIM1_TRG_COM_IRQHandler
                0x0000000008000a9c                DMA1_Channel1_IRQHandler
                0x0000000008000a9c                Default_Handler
                0x0000000008000a9c                EXTI15_10_IRQHandler
                0x0000000008000a9c                TIM7_IRQHandler
                0x0000000008000a9c                TIM5_IRQHandler
                0x0000000008000a9c                EXTI9_5_IRQHandler
                0x0000000008000a9c                SPI2_IRQHandler
                0x0000000008000a9c                USB_LP_CAN_RX0_IRQHandler
                0x0000000008000a9c                MemManage_Handler
                0x0000000008000a9c                SVC_Handler
                0x0000000008000a9c                DMA1_Channel5_IRQHandler
                0x0000000008000a9c                DMA1_Channel3_IRQHandler
                0x0000000008000a9c                FSMC_IRQHandler
                0x0000000008000a9c                TIM1_UP_IRQHandler
                0x0000000008000a9c                WWDG_IRQHandler
                0x0000000008000a9c                TIM2_IRQHandler
                0x0000000008000a9c                TIM1_BRK_IRQHandler
                0x0000000008000a9c                RTCAlarm_IRQHandler
                0x0000000008000a9c                DMA2_Channel4_5_IRQHandler
                0x0000000008000a9c                USART2_IRQHandler
                0x0000000008000a9c                I2C2_ER_IRQHandler
                0x0000000008000a9c                DMA1_Channel2_IRQHandler
                0x0000000008000a9c                TIM8_BRK_IRQHandler
                0x0000000008000a9c                FLASH_IRQHandler
                0x0000000008000a9c                BusFault_Handler
                0x0000000008000a9c                USART1_IRQHandler
                0x0000000008000a9c                SPI3_IRQHandler
                0x0000000008000a9c                I2C1_ER_IRQHandler
                0x0000000008000a9c                DMA2_Channel3_IRQHandler
 *fill*         0x0000000008000a9e        0x2 
 .text.__libc_init_array
                0x0000000008000aa0       0x48 c:/st/stm32cubeide_1.12.1/stm32cubeide/plugins/com.st.stm32cube.ide.mcu.externaltools.gnu-tools-for-stm32.10.3-2021.10.win32_1.0.200.202301161003/tools/bin/../lib/gcc/arm-none-eabi/10.3.1/../../../../arm-none-eabi/lib/thumb/v7-m/nofp\libc_nano.a(lib_a-init.o)
                0x0000000008000aa0                __libc_init_array
 *(.glue_7)
 .glue_7        0x0000000008000ae8        0x0 linker stubs
 *(.glue_7t)
 .glue_7t       0x0000000008000ae8        0x0 linker stubs
 *(.eh_frame)
 .eh_frame      0x0000000008000ae8        0x0 c:/st/stm32cubeide_1.12.1/stm32cubeide/plugins/com.st.stm32cube.ide.mcu.externaltools.gnu-tools-for-stm32.10.3-2021.10.win32_1.0.200.202301161003/tools/bin/../lib/gcc/arm-none-eabi/10.3.1/thumb/v7-m/nofp/crtbegin.o
 *(.init)
 .init          0x0000000008000ae8        0x4 c:/st/stm32cubeide_1.12.1/stm32cubeide/plugins/com.st.stm32cube.ide.mcu.externaltools.gnu-tools-for-stm32.10.3-2021.10.win32_1.0.200.202301161003/tools/bin/../lib/gcc/arm-none-eabi/10.3.1/thumb/v7-m/nofp/crti.o
                0x0000000008000ae8                _init
 .init          0x0000000008000aec        0x8 c:/st/stm32cubeide_1.12.1/stm32cubeide/plugins/com.st.stm32cube.ide.mcu.externaltools.gnu-tools-for-stm32.10.3-2021.10.win32_1.0.200.202301161003/tools/bin/../lib/gcc/arm-none-eabi/10.3.1/thumb/v7-m/nofp/crtn.o
 *(.fini)
 .fini          0x0000000008000af4        0x4 c:/st/stm32cubeide_1.12.1/stm32cubeide/plugins/com.st.stm32cube.ide.mcu.externaltools.gnu-tools-for-stm32.10.3-2021.10.win32_1.0.200.202301161003/tools/bin/../lib/gcc/arm-none-eabi/10.3.1/thumb/v7-m/nofp/crti.o
                0x0000000008000af4                _fini
 .fini          0x0000000008000af8        0x8 c:/st/stm32cubeide_1.12.1/stm32cubeide/plugins/com.st.stm32cube.ide.mcu.externaltools.gnu-tools-for-stm32.10.3-2021.10.win32_1.0.200.202301161003/tools/bin/../lib/gcc/arm-none-eabi/10.3.1/thumb/v7-m/nofp/crtn.o
                0x0000000008000b00                . = ALIGN (0x4)
                0x0000000008000b00                _etext = .

.vfp11_veneer   0x0000000008000b00        0x0
 .vfp11_veneer  0x0000000008000b00        0x0 linker stubs

.v4_bx          0x0000000008000b00        0x0
 .v4_bx         0x0000000008000b00        0x0 linker stubs

.iplt           0x0000000008000b00        0x0
 .iplt          0x0000000008000b00        0x0 c:/st/stm32cubeide_1.12.1/stm32cubeide/plugins/com.st.stm32cube.ide.mcu.externaltools.gnu-tools-for-stm32.10.3-2021.10.win32_1.0.200.202301161003/tools/bin/../lib/gcc/arm-none-eabi/10.3.1/thumb/v7-m/nofp/crtbegin.o

.rodata         0x0000000008000b00       0x5c
                0x0000000008000b00                . = ALIGN (0x4)
 *(.rodata)
 .rodata        0x0000000008000b00       0x5a ./Src/main.o
 *(.rodata*)
                0x0000000008000b5c                . = ALIGN (0x4)
 *fill*         0x0000000008000b5a        0x2 

.rel.dyn        0x0000000008000b5c        0x0
 .rel.iplt      0x0000000008000b5c        0x0 c:/st/stm32cubeide_1.12.1/stm32cubeide/plugins/com.st.stm32cube.ide.mcu.externaltools.gnu-tools-for-stm32.10.3-2021.10.win32_1.0.200.202301161003/tools/bin/../lib/gcc/arm-none-eabi/10.3.1/thumb/v7-m/nofp/crtbegin.o

.ARM.extab      0x0000000008000b5c        0x0
                0x0000000008000b5c                . = ALIGN (0x4)
 *(.ARM.extab* .gnu.linkonce.armextab.*)
                0x0000000008000b5c                . = ALIGN (0x4)

.ARM            0x0000000008000b5c        0x0
                0x0000000008000b5c                . = ALIGN (0x4)
                0x0000000008000b5c                __exidx_start = .
 *(.ARM.exidx*)
                0x0000000008000b5c                __exidx_end = .
                0x0000000008000b5c                . = ALIGN (0x4)

.preinit_array  0x0000000008000b5c        0x0
                0x0000000008000b5c                . = ALIGN (0x4)
                0x0000000008000b5c                PROVIDE (__preinit_array_start = .)
 *(.preinit_array*)
                0x0000000008000b5c                PROVIDE (__preinit_array_end = .)
                0x0000000008000b5c                . = ALIGN (0x4)

.init_array     0x0000000008000b5c        0x4
                0x0000000008000b5c                . = ALIGN (0x4)
                0x0000000008000b5c                PROVIDE (__init_array_start = .)
 *(SORT_BY_NAME(.init_array.*))
 *(.init_array*)
 .init_array    0x0000000008000b5c        0x4 c:/st/stm32cubeide_1.12.1/stm32cubeide/plugins/com.st.stm32cube.ide.mcu.externaltools.gnu-tools-for-stm32.10.3-2021.10.win32_1.0.200.202301161003/tools/bin/../lib/gcc/arm-none-eabi/10.3.1/thumb/v7-m/nofp/crtbegin.o
                0x0000000008000b60                PROVIDE (__init_array_end = .)
                0x0000000008000b60                . = ALIGN (0x4)

.fini_array     0x0000000008000b60        0x4
                0x0000000008000b60                . = ALIGN (0x4)
                [!provide]                        PROVIDE (__fini_array_start = .)
 *(SORT_BY_NAME(.fini_array.*))
 *(.fini_array*)
 .fini_array    0x0000000008000b60        0x4 c:/st/stm32cubeide_1.12.1/stm32cubeide/plugins/com.st.stm32cube.ide.mcu.externaltools.gnu-tools-for-stm32.10.3-2021.10.win32_1.0.200.202301161003/tools/bin/../lib/gcc/arm-none-eabi/10.3.1/thumb/v7-m/nofp/crtbegin.o
                [!provide]                        PROVIDE (__fini_array_end = .)
                0x0000000008000b64                . = ALIGN (0x4)
                0x0000000008000b64                _sidata = LOADADDR (.data)

.data           0x0000000020000000        0x0 load address 0x0000000008000b64
                0x0000000020000000                . = ALIGN (0x4)
                0x0000000020000000                _sdata = .
 *(.data)
 *(.data*)
 *(.RamFunc)
 *(.RamFunc*)
                0x0000000020000000                . = ALIGN (0x4)
                0x0000000020000000                _edata = .

.igot.plt       0x0000000020000000        0x0 load address 0x0000000008000b64
 .igot.plt      0x0000000020000000        0x0 c:/st/stm32cubeide_1.12.1/stm32cubeide/plugins/com.st.stm32cube.ide.mcu.externaltools.gnu-tools-for-stm32.10.3-2021.10.win32_1.0.200.202301161003/tools/bin/../lib/gcc/arm-none-eabi/10.3.1/thumb/v7-m/nofp/crtbegin.o
                0x0000000020000000                . = ALIGN (0x4)

.bss            0x0000000020000000       0x5c load address 0x0000000008000b64
                0x0000000020000000                _sbss = .
                0x0000000020000000                __bss_start__ = _sbss
 *(.bss)
 .bss           0x0000000020000000       0x1c c:/st/stm32cubeide_1.12.1/stm32cubeide/plugins/com.st.stm32cube.ide.mcu.externaltools.gnu-tools-for-stm32.10.3-2021.10.win32_1.0.200.202301161003/tools/bin/../lib/gcc/arm-none-eabi/10.3.1/thumb/v7-m/nofp/crtbegin.o
 *(.bss*)
 .bss.EXTI_CallBack
                0x000000002000001c       0x40 ./Drivers/01 MCAL/03 EXTI/EXTI_program.o
 *(COMMON)
                0x000000002000005c                . = ALIGN (0x4)
                0x000000002000005c                _ebss = .
                0x000000002000005c                __bss_end__ = _ebss

._user_heap_stack
                0x000000002000005c      0x604 load address 0x0000000008000b64
                0x0000000020000060                . = ALIGN (0x8)
 *fill*         0x000000002000005c        0x4 
                [!provide]                        PROVIDE (end = .)
                [!provide]                        PROVIDE (_end = .)
                0x0000000020000260                . = (. + _Min_Heap_Size)
 *fill*         0x0000000020000060      0x200 
                0x0000000020000660                . = (. + _Min_Stack_Size)
 *fill*         0x0000000020000260      0x400 
                0x0000000020000660                . = ALIGN (0x8)

/DISCARD/
 libc.a(*)
 libm.a(*)
 libgcc.a(*)

.ARM.attributes
                0x0000000000000000       0x29
 *(.ARM.attributes)
 .ARM.attributes
                0x0000000000000000       0x1d c:/st/stm32cubeide_1.12.1/stm32cubeide/plugins/com.st.stm32cube.ide.mcu.externaltools.gnu-tools-for-stm32.10.3-2021.10.win32_1.0.200.202301161003/tools/bin/../lib/gcc/arm-none-eabi/10.3.1/thumb/v7-m/nofp/crti.o
 .ARM.attributes
                0x000000000000001d       0x2d c:/st/stm32cubeide_1.12.1/stm32cubeide/plugins/com.st.stm32cube.ide.mcu.externaltools.gnu-tools-for-stm32.10.3-2021.10.win32_1.0.200.202301161003/tools/bin/../lib/gcc/arm-none-eabi/10.3.1/thumb/v7-m/nofp/crtbegin.o
 .ARM.attributes
                0x000000000000004a       0x2d ./Drivers/00 LIB/Common_function.o
 .ARM.attributes
                0x0000000000000077       0x2d ./Drivers/01 MCAL/00 RCC/RCC_program.o
 .ARM.attributes
                0x00000000000000a4       0x2d ./Drivers/01 MCAL/01 GPIO/DIO_program.o
 .ARM.attributes
                0x00000000000000d1       0x2d ./Drivers/01 MCAL/03 EXTI/EXTI_program.o
 .ARM.attributes
                0x00000000000000fe       0x2d ./Drivers/01 MCAL/04 STK/STK_program.o
 .ARM.attributes
                0x000000000000012b       0x2d ./Drivers/01 MCAL/08 SPI/SPI_program.o
 .ARM.attributes
                0x0000000000000158       0x2d ./Drivers/02 ECU/02 LCD/LCD_program.o
 .ARM.attributes
                0x0000000000000185       0x2d ./Src/main.o
 .ARM.attributes
                0x00000000000001b2       0x21 ./Startup/startup_stm32f103c8tx.o
 .ARM.attributes
                0x00000000000001d3       0x2d c:/st/stm32cubeide_1.12.1/stm32cubeide/plugins/com.st.stm32cube.ide.mcu.externaltools.gnu-tools-for-stm32.10.3-2021.10.win32_1.0.200.202301161003/tools/bin/../lib/gcc/arm-none-eabi/10.3.1/../../../../arm-none-eabi/lib/thumb/v7-m/nofp\libc_nano.a(lib_a-init.o)
 .ARM.attributes
                0x0000000000000200       0x1d c:/st/stm32cubeide_1.12.1/stm32cubeide/plugins/com.st.stm32cube.ide.mcu.externaltools.gnu-tools-for-stm32.10.3-2021.10.win32_1.0.200.202301161003/tools/bin/../lib/gcc/arm-none-eabi/10.3.1/thumb/v7-m/nofp/crtn.o
OUTPUT(Heater.elf elf32-littlearm)
LOAD linker stubs
LOAD c:/st/stm32cubeide_1.12.1/stm32cubeide/plugins/com.st.stm32cube.ide.mcu.externaltools.gnu-tools-for-stm32.10.3-2021.10.win32_1.0.200.202301161003/tools/bin/../lib/gcc/arm-none-eabi/10.3.1/../../../../arm-none-eabi/lib/thumb/v7-m/nofp\libc.a
LOAD c:/st/stm32cubeide_1.12.1/stm32cubeide/plugins/com.st.stm32cube.ide.mcu.externaltools.gnu-tools-for-stm32.10.3-2021.10.win32_1.0.200.202301161003/tools/bin/../lib/gcc/arm-none-eabi/10.3.1/../../../../arm-none-eabi/lib/thumb/v7-m/nofp\libm.a
LOAD c:/st/stm32cubeide_1.12.1/stm32cubeide/plugins/com.st.stm32cube.ide.mcu.externaltools.gnu-tools-for-stm32.10.3-2021.10.win32_1.0.200.202301161003/tools/bin/../lib/gcc/arm-none-eabi/10.3.1/thumb/v7-m/nofp\libgcc.a

.debug_info     0x0000000000000000     0x11eb
 .debug_info    0x0000000000000000       0xab ./Drivers/00 LIB/Common_function.o
 .debug_info    0x00000000000000ab      0x3f6 ./Drivers/01 MCAL/00 RCC/RCC_program.o
 .debug_info    0x00000000000004a1      0x1cc ./Drivers/01 MCAL/01 GPIO/DIO_program.o
 .debug_info    0x000000000000066d      0x430 ./Drivers/01 MCAL/03 EXTI/EXTI_program.o
 .debug_info    0x0000000000000a9d      0x202 ./Drivers/01 MCAL/04 STK/STK_program.o
 .debug_info    0x0000000000000c9f      0x172 ./Drivers/01 MCAL/08 SPI/SPI_program.o
 .debug_info    0x0000000000000e11      0x1fc ./Drivers/02 ECU/02 LCD/LCD_program.o
 .debug_info    0x000000000000100d      0x1bc ./Src/main.o
 .debug_info    0x00000000000011c9       0x22 ./Startup/startup_stm32f103c8tx.o

.debug_abbrev   0x0000000000000000      0x7bd
 .debug_abbrev  0x0000000000000000       0x78 ./Drivers/00 LIB/Common_function.o
 .debug_abbrev  0x0000000000000078       0xdc ./Drivers/01 MCAL/00 RCC/RCC_program.o
 .debug_abbrev  0x0000000000000154       0xc3 ./Drivers/01 MCAL/01 GPIO/DIO_program.o
 .debug_abbrev  0x0000000000000217      0x185 ./Drivers/01 MCAL/03 EXTI/EXTI_program.o
 .debug_abbrev  0x000000000000039c      0x10f ./Drivers/01 MCAL/04 STK/STK_program.o
 .debug_abbrev  0x00000000000004ab       0xf2 ./Drivers/01 MCAL/08 SPI/SPI_program.o
 .debug_abbrev  0x000000000000059d      0x108 ./Drivers/02 ECU/02 LCD/LCD_program.o
 .debug_abbrev  0x00000000000006a5      0x106 ./Src/main.o
 .debug_abbrev  0x00000000000007ab       0x12 ./Startup/startup_stm32f103c8tx.o

.debug_aranges  0x0000000000000000      0x2b8
 .debug_aranges
                0x0000000000000000       0x20 ./Drivers/00 LIB/Common_function.o
 .debug_aranges
                0x0000000000000020       0x70 ./Drivers/01 MCAL/00 RCC/RCC_program.o
 .debug_aranges
                0x0000000000000090       0x40 ./Drivers/01 MCAL/01 GPIO/DIO_program.o
 .debug_aranges
                0x00000000000000d0       0xd8 ./Drivers/01 MCAL/03 EXTI/EXTI_program.o
 .debug_aranges
                0x00000000000001a8       0x50 ./Drivers/01 MCAL/04 STK/STK_program.o
 .debug_aranges
                0x00000000000001f8       0x30 ./Drivers/01 MCAL/08 SPI/SPI_program.o
 .debug_aranges
                0x0000000000000228       0x48 ./Drivers/02 ECU/02 LCD/LCD_program.o
 .debug_aranges
                0x0000000000000270       0x20 ./Src/main.o
 .debug_aranges
                0x0000000000000290       0x28 ./Startup/startup_stm32f103c8tx.o

.debug_ranges   0x0000000000000000      0x230
 .debug_ranges  0x0000000000000000       0x10 ./Drivers/00 LIB/Common_function.o
 .debug_ranges  0x0000000000000010       0x60 ./Drivers/01 MCAL/00 RCC/RCC_program.o
 .debug_ranges  0x0000000000000070       0x30 ./Drivers/01 MCAL/01 GPIO/DIO_program.o
 .debug_ranges  0x00000000000000a0       0xc8 ./Drivers/01 MCAL/03 EXTI/EXTI_program.o
 .debug_ranges  0x0000000000000168       0x40 ./Drivers/01 MCAL/04 STK/STK_program.o
 .debug_ranges  0x00000000000001a8       0x20 ./Drivers/01 MCAL/08 SPI/SPI_program.o
 .debug_ranges  0x00000000000001c8       0x38 ./Drivers/02 ECU/02 LCD/LCD_program.o
 .debug_ranges  0x0000000000000200       0x10 ./Src/main.o
 .debug_ranges  0x0000000000000210       0x20 ./Startup/startup_stm32f103c8tx.o

.debug_macro    0x0000000000000000     0x11c5
 .debug_macro   0x0000000000000000       0x2e ./Drivers/00 LIB/Common_function.o
 .debug_macro   0x000000000000002e      0xa72 ./Drivers/00 LIB/Common_function.o
 .debug_macro   0x0000000000000aa0       0x22 ./Drivers/00 LIB/Common_function.o
 .debug_macro   0x0000000000000ac2       0x3f ./Drivers/01 MCAL/00 RCC/RCC_program.o
 .debug_macro   0x0000000000000b01       0x1c ./Drivers/01 MCAL/00 RCC/RCC_program.o
 .debug_macro   0x0000000000000b1d       0x4c ./Drivers/01 MCAL/00 RCC/RCC_program.o
 .debug_macro   0x0000000000000b69       0x35 ./Drivers/01 MCAL/00 RCC/RCC_program.o
 .debug_macro   0x0000000000000b9e       0x3c ./Drivers/01 MCAL/01 GPIO/DIO_program.o
 .debug_macro   0x0000000000000bda       0x9a ./Drivers/01 MCAL/01 GPIO/DIO_program.o
 .debug_macro   0x0000000000000c74       0xdc ./Drivers/01 MCAL/01 GPIO/DIO_program.o
 .debug_macro   0x0000000000000d50       0x83 ./Drivers/01 MCAL/03 EXTI/EXTI_program.o
 .debug_macro   0x0000000000000dd3       0x16 ./Drivers/01 MCAL/03 EXTI/EXTI_program.o
 .debug_macro   0x0000000000000de9       0x46 ./Drivers/01 MCAL/04 STK/STK_program.o
 .debug_macro   0x0000000000000e2f       0x10 ./Drivers/01 MCAL/04 STK/STK_program.o
 .debug_macro   0x0000000000000e3f       0x28 ./Drivers/01 MCAL/04 STK/STK_program.o
 .debug_macro   0x0000000000000e67       0x40 ./Drivers/01 MCAL/08 SPI/SPI_program.o
 .debug_macro   0x0000000000000ea7       0x28 ./Drivers/01 MCAL/08 SPI/SPI_program.o
 .debug_macro   0x0000000000000ecf      0x154 ./Drivers/01 MCAL/08 SPI/SPI_program.o
 .debug_macro   0x0000000000001023       0x5d ./Drivers/02 ECU/02 LCD/LCD_program.o
 .debug_macro   0x0000000000001080       0x2e ./Drivers/02 ECU/02 LCD/LCD_program.o
 .debug_macro   0x00000000000010ae       0x58 ./Drivers/02 ECU/02 LCD/LCD_program.o
 .debug_macro   0x0000000000001106       0x67 ./Src/main.o
 .debug_macro   0x000000000000116d       0x58 ./Src/main.o

.debug_line     0x0000000000000000     0x144e
 .debug_line    0x0000000000000000       0xaa ./Drivers/00 LIB/Common_function.o
 .debug_line    0x00000000000000aa      0x325 ./Drivers/01 MCAL/00 RCC/RCC_program.o
 .debug_line    0x00000000000003cf      0x305 ./Drivers/01 MCAL/01 GPIO/DIO_program.o
 .debug_line    0x00000000000006d4      0x591 ./Drivers/01 MCAL/03 EXTI/EXTI_program.o
 .debug_line    0x0000000000000c65      0x1e2 ./Drivers/01 MCAL/04 STK/STK_program.o
 .debug_line    0x0000000000000e47      0x129 ./Drivers/01 MCAL/08 SPI/SPI_program.o
 .debug_line    0x0000000000000f70      0x28a ./Drivers/02 ECU/02 LCD/LCD_program.o
 .debug_line    0x00000000000011fa      0x1d0 ./Src/main.o
 .debug_line    0x00000000000013ca       0x84 ./Startup/startup_stm32f103c8tx.o

.debug_str      0x0000000000000000     0x47f5
 .debug_str     0x0000000000000000     0x2d71 ./Drivers/00 LIB/Common_function.o
                                       0x2dd0 (size before relaxing)
 .debug_str     0x0000000000002d71      0x66c ./Drivers/01 MCAL/00 RCC/RCC_program.o
                                       0x3444 (size before relaxing)
 .debug_str     0x00000000000033dd      0x6ea ./Drivers/01 MCAL/01 GPIO/DIO_program.o
                                       0x3483 (size before relaxing)
 .debug_str     0x0000000000003ac7      0x3c1 ./Drivers/01 MCAL/03 EXTI/EXTI_program.o
                                       0x3789 (size before relaxing)
 .debug_str     0x0000000000003e88      0x1f0 ./Drivers/01 MCAL/04 STK/STK_program.o
                                       0x2f79 (size before relaxing)
 .debug_str     0x0000000000004078      0x3d7 ./Drivers/01 MCAL/08 SPI/SPI_program.o
                                       0x3165 (size before relaxing)
 .debug_str     0x000000000000444f      0x259 ./Drivers/02 ECU/02 LCD/LCD_program.o
                                       0x368e (size before relaxing)
 .debug_str     0x00000000000046a8      0x11c ./Src/main.o
                                       0x3763 (size before relaxing)
 .debug_str     0x00000000000047c4       0x31 ./Startup/startup_stm32f103c8tx.o
                                         0x4b (size before relaxing)

.comment        0x0000000000000000       0x50
 .comment       0x0000000000000000       0x50 ./Drivers/00 LIB/Common_function.o
                                         0x51 (size before relaxing)
 .comment       0x0000000000000050       0x51 ./Drivers/01 MCAL/00 RCC/RCC_program.o
 .comment       0x0000000000000050       0x51 ./Drivers/01 MCAL/01 GPIO/DIO_program.o
 .comment       0x0000000000000050       0x51 ./Drivers/01 MCAL/03 EXTI/EXTI_program.o
 .comment       0x0000000000000050       0x51 ./Drivers/01 MCAL/04 STK/STK_program.o
 .comment       0x0000000000000050       0x51 ./Drivers/01 MCAL/08 SPI/SPI_program.o
 .comment       0x0000000000000050       0x51 ./Drivers/02 ECU/02 LCD/LCD_program.o
 .comment       0x0000000000000050       0x51 ./Src/main.o

.debug_frame    0x0000000000000000      0x860
 .debug_frame   0x0000000000000000       0x38 ./Drivers/00 LIB/Common_function.o
 .debug_frame   0x0000000000000038      0x180 ./Drivers/01 MCAL/00 RCC/RCC_program.o
 .debug_frame   0x00000000000001b8       0xd8 ./Drivers/01 MCAL/01 GPIO/DIO_program.o
 .debug_frame   0x0000000000000290      0x2f8 ./Drivers/01 MCAL/03 EXTI/EXTI_program.o
 .debug_frame   0x0000000000000588      0x118 ./Drivers/01 MCAL/04 STK/STK_program.o
 .debug_frame   0x00000000000006a0       0x80 ./Drivers/01 MCAL/08 SPI/SPI_program.o
 .debug_frame   0x0000000000000720       0xe4 ./Drivers/02 ECU/02 LCD/LCD_program.o
 .debug_frame   0x0000000000000804       0x30 ./Src/main.o
 .debug_frame   0x0000000000000834       0x2c c:/st/stm32cubeide_1.12.1/stm32cubeide/plugins/com.st.stm32cube.ide.mcu.externaltools.gnu-tools-for-stm32.10.3-2021.10.win32_1.0.200.202301161003/tools/bin/../lib/gcc/arm-none-eabi/10.3.1/../../../../arm-none-eabi/lib/thumb/v7-m/nofp\libc_nano.a(lib_a-init.o)
